0 verbose cli /usr/local/bin/node /usr/local/lib/node_modules/npm/bin/npm-cli.js
1 info using npm@10.2.4
2 info using node@v20.11.0
3 timing npm:load:whichnode Completed in 1ms
4 timing config:load:defaults Completed in 2ms
5 timing config:load:file:/usr/local/lib/node_modules/npm/npmrc Completed in 1ms
6 timing config:load:builtin Completed in 1ms
7 timing config:load:cli Completed in 2ms
8 timing config:load:env Completed in 0ms
9 timing config:load:file:/Users/khavasfayzullaevgmail.com/Documents/test-platform-deploy/.npmrc Completed in 0ms
10 timing config:load:project Completed in 1ms
11 timing config:load:file:/Users/khavasfayzullaevgmail.com/.npmrc Completed in 0ms
12 timing config:load:user Completed in 0ms
13 timing config:load:file:/usr/local/etc/npmrc Completed in 0ms
14 timing config:load:global Completed in 0ms
15 timing config:load:setEnvs Completed in 1ms
16 timing config:load Completed in 7ms
17 timing npm:load:configload Completed in 7ms
18 timing config:load:flatten Completed in 3ms
19 timing npm:load:mkdirpcache Completed in 1ms
20 timing npm:load:mkdirplogs Completed in 0ms
21 verbose title npm exec surge --domain ustoz-test-platform-123.surge.sh
22 verbose argv "exec" "--cache" "/Users/khavasfayzullaevgmail.com/Documents/test-platform-deploy/.npm-cache" "--yes" "--" "surge" "--domain" "ustoz-test-platform-123.surge.sh"
23 timing npm:load:setTitle Completed in 26ms
24 timing npm:load:display Completed in 0ms
25 verbose logfile logs-max:10 dir:/Users/khavasfayzullaevgmail.com/Documents/test-platform-deploy/.npm-cache/_logs/2026-02-23T16_44_05_016Z-
26 verbose logfile /Users/khavasfayzullaevgmail.com/Documents/test-platform-deploy/.npm-cache/_logs/2026-02-23T16_44_05_016Z-debug-0.log
27 timing npm:load:logFile Completed in 9ms
28 timing npm:load:timers Completed in 0ms
29 timing npm:load:configScope Completed in 0ms
30 timing npm:load Completed in 59ms
31 silly logfile done cleaning log files
32 timing arborist:ctor Completed in 1ms
33 timing arborist:ctor Completed in 0ms
34 http fetch GET 200 https://registry.npmjs.org/surge 1017ms (cache miss)
35 timing arborist:ctor Completed in 0ms
36 timing arborist:ctor Completed in 0ms
37 timing arborist:ctor Completed in 0ms
38 timing idealTree:init Completed in 1ms
39 timing idealTree:userRequests Completed in 0ms
40 silly idealTree buildDeps
41 silly fetch manifest surge@0.27.3
42 http fetch GET 200 https://registry.npmjs.org/surge 5ms (cache hit)
43 silly placeDep ROOT surge@0.27.3 OK for:  want: 0.27.3
44 silly fetch manifest axios@1.13.5
45 silly fetch manifest babar@0.2.3
46 silly fetch manifest cli-table3@0.6.5
47 silly fetch manifest colors@1.4.0
48 silly fetch manifest human-readable-numbers@0.9.5
49 silly fetch manifest ignore@7.0.5
50 silly fetch manifest is-domain@0.0.1
51 silly fetch manifest prompts@2.4.2
52 silly fetch manifest minimist@1.2.8
53 silly fetch manifest moniker@0.1.2
54 silly fetch manifest netrc@0.1.4
55 silly fetch manifest progress@2.0.3
56 silly fetch manifest read@1.0.5
57 silly fetch manifest surge-ignore@0.3.0
58 silly fetch manifest surge-sdk@0.10.1
59 silly fetch manifest surge-stream@0.10.1
60 silly fetch manifest url-parse-as-address@1.0.0
61 silly fetch manifest xbytes@1.9.1
62 http fetch GET 200 https://registry.npmjs.org/ignore 27ms (cache hit)
63 http fetch GET 200 https://registry.npmjs.org/axios 1000ms (cache miss)
64 http fetch GET 200 https://registry.npmjs.org/minimist 4120ms (cache miss)
65 http fetch GET 200 https://registry.npmjs.org/cli-table3 4209ms (cache miss)
66 http fetch GET 200 https://registry.npmjs.org/prompts 4209ms (cache miss)
67 http fetch GET 200 https://registry.npmjs.org/progress 4211ms (cache miss)
68 http fetch GET 200 https://registry.npmjs.org/netrc 4212ms (cache miss)
69 http fetch GET 200 https://registry.npmjs.org/colors 4243ms (cache miss)
70 http fetch GET 200 https://registry.npmjs.org/read 4352ms (cache miss)
71 http fetch GET 200 https://registry.npmjs.org/url-parse-as-address 4535ms (cache miss)
72 http fetch GET 200 https://registry.npmjs.org/moniker 4537ms (cache miss)
73 http fetch GET 200 https://registry.npmjs.org/babar 4539ms (cache miss)
74 http fetch GET 200 https://registry.npmjs.org/is-domain 4539ms (cache miss)
75 http fetch GET 200 https://registry.npmjs.org/surge-ignore 4538ms (cache miss)
76 http fetch GET 200 https://registry.npmjs.org/human-readable-numbers 4542ms (cache miss)
77 http fetch GET 200 https://registry.npmjs.org/surge-stream 4540ms (cache miss)
78 http fetch GET 200 https://registry.npmjs.org/surge-sdk 4541ms (cache miss)
79 http fetch GET 200 https://registry.npmjs.org/xbytes 4542ms (cache miss)
80 timing idealTree:#root Completed in 4555ms
81 silly placeDep ROOT axios@1.13.5 OK for: surge@0.27.3 want: 1.13.5
82 silly fetch manifest form-data@^4.0.5
83 silly fetch manifest proxy-from-env@^1.1.0
84 silly fetch manifest follow-redirects@^1.15.11
85 silly placeDep ROOT babar@0.2.3 OK for: surge@0.27.3 want: 0.2.3
86 silly fetch manifest colors@~1.4.0
87 silly placeDep ROOT cli-table3@0.6.5 OK for: surge@0.27.3 want: 0.6.5
88 silly fetch manifest string-width@^4.2.0
89 silly fetch manifest @colors/colors@1.5.0
90 silly placeDep ROOT colors@1.4.0 OK for: surge@0.27.3 want: 1.4.0
91 silly placeDep ROOT human-readable-numbers@0.9.5 OK for: surge@0.27.3 want: 0.9.5
92 silly placeDep ROOT ignore@7.0.5 OK for: surge@0.27.3 want: 7.0.5
93 silly placeDep ROOT is-domain@0.0.1 OK for: surge@0.27.3 want: 0.0.1
94 silly placeDep ROOT minimist@1.2.8 OK for: surge@0.27.3 want: 1.2.8
95 silly placeDep ROOT moniker@0.1.2 OK for: surge@0.27.3 want: 0.1.2
96 silly placeDep ROOT netrc@0.1.4 OK for: surge@0.27.3 want: 0.1.4
97 silly placeDep ROOT progress@2.0.3 OK for: surge@0.27.3 want: 2.0.3
98 silly placeDep ROOT prompts@2.4.2 OK for: surge@0.27.3 want: 2.4.2
99 silly fetch manifest kleur@^3.0.3
100 silly fetch manifest sisteransi@^1.0.5
101 silly placeDep ROOT read@1.0.5 OK for: surge@0.27.3 want: 1.0.5
102 silly fetch manifest mute-stream@~0.0.4
103 silly placeDep ROOT surge-ignore@0.3.0 OK for: surge@0.27.3 want: 0.3.0
104 silly placeDep ROOT surge-sdk@0.10.1 OK for: surge@0.27.3 want: 0.10.1
105 silly placeDep ROOT surge-stream@0.10.1 OK for: surge@0.27.3 want: 0.10.1
106 silly fetch manifest split@1.0.1
107 silly fetch manifest tar@7.5.9
108 silly placeDep ROOT url-parse-as-address@1.0.0 OK for: surge@0.27.3 want: 1.0.0
109 silly placeDep ROOT xbytes@1.9.1 OK for: surge@0.27.3 want: 1.9.1
110 http fetch GET 200 https://registry.npmjs.org/proxy-from-env 229ms (cache revalidated)
111 http fetch GET 200 https://registry.npmjs.org/form-data 231ms (cache revalidated)
112 http fetch GET 200 https://registry.npmjs.org/mute-stream 213ms (cache miss)
113 http fetch GET 200 https://registry.npmjs.org/@colors%2fcolors 271ms (cache miss)
114 http fetch GET 200 https://registry.npmjs.org/string-width 279ms (cache miss)
115 http fetch GET 200 https://registry.npmjs.org/tar 281ms (cache revalidated)
116 http fetch GET 200 https://registry.npmjs.org/kleur 308ms (cache miss)
117 http fetch GET 200 https://registry.npmjs.org/split 331ms (cache miss)
118 http fetch GET 200 https://registry.npmjs.org/sisteransi 340ms (cache miss)
119 http fetch GET 200 https://registry.npmjs.org/follow-redirects 401ms (cache miss)
120 timing idealTree:node_modules/surge Completed in 417ms
121 silly placeDep ROOT follow-redirects@1.15.11 OK for: axios@1.13.5 want: ^1.15.11
122 silly placeDep ROOT form-data@4.0.5 OK for: axios@1.13.5 want: ^4.0.5
123 silly fetch manifest asynckit@^0.4.0
124 silly fetch manifest combined-stream@^1.0.8
125 silly fetch manifest es-set-tostringtag@^2.1.0
126 silly fetch manifest hasown@^2.0.2
127 silly fetch manifest mime-types@^2.1.12
128 silly placeDep ROOT proxy-from-env@1.1.0 OK for: axios@1.13.5 want: ^1.1.0
129 http fetch GET 200 https://registry.npmjs.org/mime-types 167ms (cache revalidated)
130 http fetch GET 200 https://registry.npmjs.org/combined-stream 173ms (cache revalidated)
131 http fetch GET 200 https://registry.npmjs.org/asynckit 190ms (cache revalidated)
132 http fetch GET 200 https://registry.npmjs.org/es-set-tostringtag 190ms (cache revalidated)
133 http fetch GET 200 https://registry.npmjs.org/hasown 191ms (cache revalidated)
134 timing idealTree:node_modules/axios Completed in 196ms
135 timing idealTree:node_modules/babar Completed in 0ms
136 silly placeDep ROOT @colors/colors@1.5.0 OK for: cli-table3@0.6.5 want: 1.5.0
137 silly placeDep ROOT string-width@4.2.3 OK for: cli-table3@0.6.5 want: ^4.2.0
138 silly fetch manifest strip-ansi@^6.0.1
139 silly fetch manifest emoji-regex@^8.0.0
140 silly fetch manifest is-fullwidth-code-point@^3.0.0
141 http fetch GET 200 https://registry.npmjs.org/is-fullwidth-code-point 371ms (cache miss)
142 http fetch GET 200 https://registry.npmjs.org/strip-ansi 401ms (cache miss)
143 http fetch GET 200 https://registry.npmjs.org/emoji-regex 409ms (cache miss)
144 timing idealTree:node_modules/cli-table3 Completed in 414ms
145 timing idealTree:node_modules/@colors/colors Completed in 0ms
146 timing idealTree:node_modules/colors Completed in 0ms
147 timing idealTree:node_modules/follow-redirects Completed in 0ms
148 silly placeDep ROOT asynckit@0.4.0 OK for: form-data@4.0.5 want: ^0.4.0
149 silly placeDep ROOT combined-stream@1.0.8 OK for: form-data@4.0.5 want: ^1.0.8
150 silly fetch manifest delayed-stream@~1.0.0
151 silly placeDep ROOT es-set-tostringtag@2.1.0 OK for: form-data@4.0.5 want: ^2.1.0
152 silly fetch manifest es-errors@^1.3.0
153 silly fetch manifest get-intrinsic@^1.2.6
154 silly fetch manifest has-tostringtag@^1.0.2
155 silly placeDep ROOT hasown@2.0.2 OK for: form-data@4.0.5 want: ^2.0.2
156 silly fetch manifest function-bind@^1.1.2
157 silly placeDep ROOT mime-types@2.1.35 OK for: form-data@4.0.5 want: ^2.1.12
158 silly fetch manifest mime-db@1.52.0
159 http fetch GET 200 https://registry.npmjs.org/es-errors 750ms (cache revalidated)
160 http fetch GET 200 https://registry.npmjs.org/get-intrinsic 751ms (cache revalidated)
161 http fetch GET 200 https://registry.npmjs.org/function-bind 807ms (cache revalidated)
162 http fetch GET 200 https://registry.npmjs.org/delayed-stream 821ms (cache revalidated)
163 http fetch GET 200 https://registry.npmjs.org/mime-db 886ms (cache revalidated)
164 http fetch GET 200 https://registry.npmjs.org/has-tostringtag 1000ms (cache revalidated)
165 timing idealTree:node_modules/form-data Completed in 1006ms
166 timing idealTree:node_modules/asynckit Completed in 0ms
167 silly placeDep ROOT delayed-stream@1.0.0 OK for: combined-stream@1.0.8 want: ~1.0.0
168 timing idealTree:node_modules/combined-stream Completed in 1ms
169 timing idealTree:node_modules/delayed-stream Completed in 0ms
170 silly placeDep ROOT es-errors@1.3.0 OK for: es-set-tostringtag@2.1.0 want: ^1.3.0
171 silly placeDep ROOT get-intrinsic@1.3.0 OK for: es-set-tostringtag@2.1.0 want: ^1.2.6
172 silly fetch manifest gopd@^1.2.0
173 silly fetch manifest get-proto@^1.0.1
174 silly fetch manifest has-symbols@^1.1.0
175 silly fetch manifest es-object-atoms@^1.1.1
176 silly fetch manifest math-intrinsics@^1.1.0
177 silly fetch manifest es-define-property@^1.0.1
178 silly fetch manifest call-bind-apply-helpers@^1.0.2
179 silly placeDep ROOT has-tostringtag@1.0.2 OK for: es-set-tostringtag@2.1.0 want: ^1.0.2
180 silly fetch manifest has-symbols@^1.0.3
181 http fetch GET 200 https://registry.npmjs.org/has-symbols 1861ms (cache revalidated)
182 http fetch GET 200 https://registry.npmjs.org/call-bind-apply-helpers 1925ms (cache revalidated)
183 http fetch GET 200 https://registry.npmjs.org/get-proto 1954ms (cache revalidated)
184 http fetch GET 200 https://registry.npmjs.org/has-symbols 1960ms (cache revalidated)
185 http fetch GET 200 https://registry.npmjs.org/math-intrinsics 1971ms (cache revalidated)
186 http fetch GET 200 https://registry.npmjs.org/es-object-atoms 1998ms (cache revalidated)
187 http fetch GET 200 https://registry.npmjs.org/es-define-property 2003ms (cache revalidated)
188 http fetch GET 200 https://registry.npmjs.org/gopd 2054ms (cache revalidated)
189 timing idealTree:node_modules/es-set-tostringtag Completed in 2057ms
190 timing idealTree:node_modules/es-errors Completed in 0ms
191 silly placeDep ROOT call-bind-apply-helpers@1.0.2 OK for: get-intrinsic@1.3.0 want: ^1.0.2
192 silly placeDep ROOT es-define-property@1.0.1 OK for: get-intrinsic@1.3.0 want: ^1.0.1
193 silly placeDep ROOT es-object-atoms@1.1.1 OK for: get-intrinsic@1.3.0 want: ^1.1.1
194 silly placeDep ROOT function-bind@1.1.2 OK for: get-intrinsic@1.3.0 want: ^1.1.2
195 silly placeDep ROOT get-proto@1.0.1 OK for: get-intrinsic@1.3.0 want: ^1.0.1
196 silly fetch manifest dunder-proto@^1.0.1
197 silly placeDep ROOT gopd@1.2.0 OK for: get-intrinsic@1.3.0 want: ^1.2.0
198 silly placeDep ROOT has-symbols@1.1.0 OK for: get-intrinsic@1.3.0 want: ^1.1.0
199 silly placeDep ROOT math-intrinsics@1.1.0 OK for: get-intrinsic@1.3.0 want: ^1.1.0
200 http fetch GET 200 https://registry.npmjs.org/dunder-proto 1911ms (cache revalidated)
201 timing idealTree:node_modules/get-intrinsic Completed in 1921ms
202 timing idealTree:node_modules/call-bind-apply-helpers Completed in 0ms
203 timing idealTree:node_modules/es-define-property Completed in 0ms
204 timing idealTree:node_modules/es-object-atoms Completed in 0ms
205 timing idealTree:node_modules/function-bind Completed in 0ms
206 silly placeDep ROOT dunder-proto@1.0.1 OK for: get-proto@1.0.1 want: ^1.0.1
207 timing idealTree:node_modules/get-proto Completed in 2ms
208 timing idealTree:node_modules/dunder-proto Completed in 0ms
209 timing idealTree:node_modules/gopd Completed in 0ms
210 timing idealTree:node_modules/has-symbols Completed in 0ms
211 timing idealTree:node_modules/has-tostringtag Completed in 1ms
212 timing idealTree:node_modules/hasown Completed in 0ms
213 timing idealTree:node_modules/human-readable-numbers Completed in 0ms
214 timing idealTree:node_modules/ignore Completed in 0ms
215 timing idealTree:node_modules/is-domain Completed in 0ms
216 timing idealTree:node_modules/math-intrinsics Completed in 0ms
217 silly placeDep ROOT mime-db@1.52.0 OK for: mime-types@2.1.35 want: 1.52.0
218 timing idealTree:node_modules/mime-types Completed in 1ms
219 timing idealTree:node_modules/mime-db Completed in 0ms
220 timing idealTree:node_modules/minimist Completed in 0ms
221 timing idealTree:node_modules/moniker Completed in 0ms
222 timing idealTree:node_modules/netrc Completed in 0ms
223 timing idealTree:node_modules/progress Completed in 0ms
224 silly placeDep ROOT kleur@3.0.3 OK for: prompts@2.4.2 want: ^3.0.3
225 silly placeDep ROOT sisteransi@1.0.5 OK for: prompts@2.4.2 want: ^1.0.5
226 timing idealTree:node_modules/prompts Completed in 2ms
227 timing idealTree:node_modules/kleur Completed in 0ms
228 timing idealTree:node_modules/proxy-from-env Completed in 0ms
229 silly placeDep ROOT mute-stream@0.0.8 OK for: read@1.0.5 want: ~0.0.4
230 timing idealTree:node_modules/read Completed in 1ms
231 timing idealTree:node_modules/mute-stream Completed in 0ms
232 timing idealTree:node_modules/sisteransi Completed in 0ms
233 silly placeDep ROOT emoji-regex@8.0.0 OK for: string-width@4.2.3 want: ^8.0.0
234 silly placeDep ROOT is-fullwidth-code-point@3.0.0 OK for: string-width@4.2.3 want: ^3.0.0
235 silly placeDep ROOT strip-ansi@6.0.1 OK for: string-width@4.2.3 want: ^6.0.1
236 silly fetch manifest ansi-regex@^5.0.1
237 http fetch GET 200 https://registry.npmjs.org/ansi-regex 1715ms (cache miss)
238 timing idealTree:node_modules/string-width Completed in 1720ms
239 timing idealTree:node_modules/emoji-regex Completed in 0ms
240 timing idealTree:node_modules/is-fullwidth-code-point Completed in 0ms
241 silly placeDep ROOT ansi-regex@5.0.1 OK for: strip-ansi@6.0.1 want: ^5.0.1
242 timing idealTree:node_modules/strip-ansi Completed in 1ms
243 timing idealTree:node_modules/ansi-regex Completed in 0ms
244 timing idealTree:node_modules/surge-ignore Completed in 0ms
245 timing idealTree:node_modules/surge-sdk Completed in 0ms
246 silly placeDep ROOT split@1.0.1 OK for: surge-stream@0.10.1 want: 1.0.1
247 silly fetch manifest through@2
248 silly placeDep ROOT tar@7.5.9 OK for: surge-stream@0.10.1 want: 7.5.9
249 silly fetch manifest @isaacs/fs-minipass@^4.0.0
250 silly fetch manifest chownr@^3.0.0
251 silly fetch manifest minipass@^7.1.2
252 silly fetch manifest minizlib@^3.1.0
253 silly fetch manifest yallist@^5.0.0
254 http fetch GET 200 https://registry.npmjs.org/minipass 1011ms (cache revalidated)
255 http fetch GET 200 https://registry.npmjs.org/chownr 1014ms (cache revalidated)
256 http fetch GET 200 https://registry.npmjs.org/yallist 1012ms (cache revalidated)
257 http fetch GET 200 https://registry.npmjs.org/through 1018ms (cache miss)
258 http fetch GET 200 https://registry.npmjs.org/minizlib 1034ms (cache revalidated)
259 http fetch GET 200 https://registry.npmjs.org/@isaacs%2ffs-minipass 1040ms (cache revalidated)
260 timing idealTree:node_modules/surge-stream Completed in 1044ms
261 silly placeDep ROOT through@2.3.8 OK for: split@1.0.1 want: 2
262 timing idealTree:node_modules/split Completed in 1ms
263 silly placeDep ROOT @isaacs/fs-minipass@4.0.1 OK for: tar@7.5.9 want: ^4.0.0
264 silly fetch manifest minipass@^7.0.4
265 silly placeDep ROOT chownr@3.0.0 OK for: tar@7.5.9 want: ^3.0.0
266 silly placeDep ROOT minipass@7.1.3 OK for: tar@7.5.9 want: ^7.1.2
267 silly placeDep ROOT minizlib@3.1.0 OK for: tar@7.5.9 want: ^3.1.0
268 silly placeDep ROOT yallist@5.0.0 OK for: tar@7.5.9 want: ^5.0.0
269 timing idealTree:node_modules/tar Completed in 5ms
270 timing idealTree:node_modules/@isaacs/fs-minipass Completed in 0ms
271 timing idealTree:node_modules/chownr Completed in 0ms
272 timing idealTree:node_modules/minipass Completed in 0ms
273 timing idealTree:node_modules/minizlib Completed in 0ms
274 timing idealTree:node_modules/through Completed in 0ms
275 timing idealTree:node_modules/url-parse-as-address Completed in 0ms
276 timing idealTree:node_modules/xbytes Completed in 0ms
277 timing idealTree:node_modules/yallist Completed in 0ms
278 timing idealTree:buildDeps Completed in 13349ms
279 timing idealTree:fixDepFlags Completed in 1ms
280 timing idealTree Completed in 13354ms
281 timing reify:loadTrees Completed in 13355ms
282 timing reify:diffTrees Completed in 2ms
283 silly reify moves {}
284 timing reify:retireShallow Completed in 2ms
285 timing reify:createSparse Completed in 5ms
286 timing reify:loadBundles Completed in 0ms
287 silly audit bulk request {
287 silly audit   surge: [ '0.27.3' ],
287 silly audit   axios: [ '1.13.5' ],
287 silly audit   babar: [ '0.2.3' ],
287 silly audit   'cli-table3': [ '0.6.5' ],
287 silly audit   colors: [ '1.4.0' ],
287 silly audit   'human-readable-numbers': [ '0.9.5' ],
287 silly audit   ignore: [ '7.0.5' ],
287 silly audit   'is-domain': [ '0.0.1' ],
287 silly audit   minimist: [ '1.2.8' ],
287 silly audit   moniker: [ '0.1.2' ],
287 silly audit   netrc: [ '0.1.4' ],
287 silly audit   progress: [ '2.0.3' ],
287 silly audit   prompts: [ '2.4.2' ],
287 silly audit   read: [ '1.0.5' ],
287 silly audit   'surge-ignore': [ '0.3.0' ],
287 silly audit   'surge-sdk': [ '0.10.1' ],
287 silly audit   'surge-stream': [ '0.10.1' ],
287 silly audit   'url-parse-as-address': [ '1.0.0' ],
287 silly audit   xbytes: [ '1.9.1' ],
287 silly audit   'follow-redirects': [ '1.15.11' ],
287 silly audit   'form-data': [ '4.0.5' ],
287 silly audit   'proxy-from-env': [ '1.1.0' ],
287 silly audit   '@colors/colors': [ '1.5.0' ],
287 silly audit   'string-width': [ '4.2.3' ],
287 silly audit   asynckit: [ '0.4.0' ],
287 silly audit   'combined-stream': [ '1.0.8' ],
287 silly audit   'es-set-tostringtag': [ '2.1.0' ],
287 silly audit   hasown: [ '2.0.2' ],
287 silly audit   'mime-types': [ '2.1.35' ],
287 silly audit   'delayed-stream': [ '1.0.0' ],
287 silly audit   'es-errors': [ '1.3.0' ],
287 silly audit   'get-intrinsic': [ '1.3.0' ],
287 silly audit   'has-tostringtag': [ '1.0.2' ],
287 silly audit   'call-bind-apply-helpers': [ '1.0.2' ],
287 silly audit   'es-define-property': [ '1.0.1' ],
287 silly audit   'es-object-atoms': [ '1.1.1' ],
287 silly audit   'function-bind': [ '1.1.2' ],
287 silly audit   'get-proto': [ '1.0.1' ],
287 silly audit   gopd: [ '1.2.0' ],
287 silly audit   'has-symbols': [ '1.1.0' ],
287 silly audit   'math-intrinsics': [ '1.1.0' ],
287 silly audit   'dunder-proto': [ '1.0.1' ],
287 silly audit   'mime-db': [ '1.52.0' ],
287 silly audit   kleur: [ '3.0.3' ],
287 silly audit   sisteransi: [ '1.0.5' ],
287 silly audit   'mute-stream': [ '0.0.8' ],
287 silly audit   'emoji-regex': [ '8.0.0' ],
287 silly audit   'is-fullwidth-code-point': [ '3.0.0' ],
287 silly audit   'strip-ansi': [ '6.0.1' ],
287 silly audit   'ansi-regex': [ '5.0.1' ],
287 silly audit   split: [ '1.0.1' ],
287 silly audit   tar: [ '7.5.9' ],
287 silly audit   through: [ '2.3.8' ],
287 silly audit   '@isaacs/fs-minipass': [ '4.0.1' ],
287 silly audit   chownr: [ '3.0.0' ],
287 silly audit   minipass: [ '7.1.3' ],
287 silly audit   minizlib: [ '3.1.0' ],
287 silly audit   yallist: [ '5.0.0' ]
287 silly audit }
288 silly tarball no local data for tar@https://registry.npmjs.org/tar/-/tar-7.5.9.tgz. Extracting by manifest.
289 silly tarball no local data for split@https://registry.npmjs.org/split/-/split-1.0.1.tgz. Extracting by manifest.
290 silly tarball no local data for strip-ansi@https://registry.npmjs.org/strip-ansi/-/strip-ansi-6.0.1.tgz. Extracting by manifest.
291 silly tarball no local data for ansi-regex@https://registry.npmjs.org/ansi-regex/-/ansi-regex-5.0.1.tgz. Extracting by manifest.
292 silly tarball no local data for through@https://registry.npmjs.org/through/-/through-2.3.8.tgz. Extracting by manifest.
293 silly tarball no local data for is-fullwidth-code-point@https://registry.npmjs.org/is-fullwidth-code-point/-/is-fullwidth-code-point-3.0.0.tgz. Extracting by manifest.
294 silly tarball no local data for mute-stream@https://registry.npmjs.org/mute-stream/-/mute-stream-0.0.8.tgz. Extracting by manifest.
295 silly tarball no local data for emoji-regex@https://registry.npmjs.org/emoji-regex/-/emoji-regex-8.0.0.tgz. Extracting by manifest.
296 silly tarball no local data for kleur@https://registry.npmjs.org/kleur/-/kleur-3.0.3.tgz. Extracting by manifest.
297 silly tarball no local data for sisteransi@https://registry.npmjs.org/sisteransi/-/sisteransi-1.0.5.tgz. Extracting by manifest.
298 silly tarball no local data for string-width@https://registry.npmjs.org/string-width/-/string-width-4.2.3.tgz. Extracting by manifest.
299 silly tarball no local data for @colors/colors@https://registry.npmjs.org/@colors/colors/-/colors-1.5.0.tgz. Extracting by manifest.
300 silly tarball no local data for xbytes@https://registry.npmjs.org/xbytes/-/xbytes-1.9.1.tgz. Extracting by manifest.
301 silly tarball no local data for url-parse-as-address@https://registry.npmjs.org/url-parse-as-address/-/url-parse-as-address-1.0.0.tgz. Extracting by manifest.
302 silly tarball no local data for follow-redirects@https://registry.npmjs.org/follow-redirects/-/follow-redirects-1.15.11.tgz. Extracting by manifest.
303 silly tarball no local data for surge-stream@https://registry.npmjs.org/surge-stream/-/surge-stream-0.10.1.tgz. Extracting by manifest.
304 silly tarball no local data for read@https://registry.npmjs.org/read/-/read-1.0.5.tgz. Extracting by manifest.
305 silly tarball no local data for surge-ignore@https://registry.npmjs.org/surge-ignore/-/surge-ignore-0.3.0.tgz. Extracting by manifest.
306 silly tarball no local data for netrc@https://registry.npmjs.org/netrc/-/netrc-0.1.4.tgz. Extracting by manifest.
307 silly tarball no local data for minimist@https://registry.npmjs.org/minimist/-/minimist-1.2.8.tgz. Extracting by manifest.
308 silly tarball no local data for progress@https://registry.npmjs.org/progress/-/progress-2.0.3.tgz. Extracting by manifest.
309 silly tarball no local data for prompts@https://registry.npmjs.org/prompts/-/prompts-2.4.2.tgz. Extracting by manifest.
310 silly tarball no local data for moniker@https://registry.npmjs.org/moniker/-/moniker-0.1.2.tgz. Extracting by manifest.
311 silly tarball no local data for is-domain@https://registry.npmjs.org/is-domain/-/is-domain-0.0.1.tgz. Extracting by manifest.
312 silly tarball no local data for surge-sdk@https://registry.npmjs.org/surge-sdk/-/surge-sdk-0.10.1.tgz. Extracting by manifest.
313 silly tarball no local data for human-readable-numbers@https://registry.npmjs.org/human-readable-numbers/-/human-readable-numbers-0.9.5.tgz. Extracting by manifest.
314 silly tarball no local data for ignore@https://registry.npmjs.org/ignore/-/ignore-7.0.5.tgz. Extracting by manifest.
315 silly tarball no local data for cli-table3@https://registry.npmjs.org/cli-table3/-/cli-table3-0.6.5.tgz. Extracting by manifest.
316 silly tarball no local data for babar@https://registry.npmjs.org/babar/-/babar-0.2.3.tgz. Extracting by manifest.
317 silly tarball no local data for surge@https://registry.npmjs.org/surge/-/surge-0.27.3.tgz. Extracting by manifest.
318 silly tarball no local data for axios@https://registry.npmjs.org/axios/-/axios-1.13.5.tgz. Extracting by manifest.
319 silly tarball no local data for colors@https://registry.npmjs.org/colors/-/colors-1.4.0.tgz. Extracting by manifest.
320 timing reifyNode:node_modules/combined-stream Completed in 91ms
321 timing reifyNode:node_modules/delayed-stream Completed in 92ms
322 timing reifyNode:node_modules/mime-types Completed in 93ms
323 timing reifyNode:node_modules/hasown Completed in 98ms
324 timing reifyNode:node_modules/proxy-from-env Completed in 98ms
325 timing reifyNode:node_modules/es-set-tostringtag Completed in 100ms
326 timing reifyNode:node_modules/es-define-property Completed in 103ms
327 timing reifyNode:node_modules/gopd Completed in 104ms
328 timing reifyNode:node_modules/dunder-proto Completed in 105ms
329 timing reifyNode:node_modules/es-object-atoms Completed in 105ms
330 timing reifyNode:node_modules/get-intrinsic Completed in 105ms
331 timing reifyNode:node_modules/form-data Completed in 106ms
332 timing reifyNode:node_modules/function-bind Completed in 106ms
333 timing reifyNode:node_modules/get-proto Completed in 106ms
334 timing reifyNode:node_modules/chownr Completed in 108ms
335 timing reifyNode:node_modules/mime-db Completed in 108ms
336 timing reifyNode:node_modules/has-tostringtag Completed in 108ms
337 timing reifyNode:node_modules/asynckit Completed in 108ms
338 timing reifyNode:node_modules/has-symbols Completed in 110ms
339 timing reifyNode:node_modules/@isaacs/fs-minipass Completed in 110ms
340 timing reifyNode:node_modules/call-bind-apply-helpers Completed in 109ms
341 timing reifyNode:node_modules/es-errors Completed in 109ms
342 timing reifyNode:node_modules/yallist Completed in 112ms
343 timing reifyNode:node_modules/minizlib Completed in 114ms
344 timing reifyNode:node_modules/math-intrinsics Completed in 113ms
345 timing reifyNode:node_modules/minipass Completed in 114ms
346 http fetch GET 200 https://registry.npmjs.org/mute-stream/-/mute-stream-0.0.8.tgz 807ms (cache miss)
347 timing reifyNode:node_modules/mute-stream Completed in 829ms
348 http fetch GET 200 https://registry.npmjs.org/split/-/split-1.0.1.tgz 812ms (cache miss)
349 timing reifyNode:node_modules/split Completed in 832ms
350 http fetch GET 200 https://registry.npmjs.org/string-width/-/string-width-4.2.3.tgz 808ms (cache miss)
351 timing reifyNode:node_modules/string-width Completed in 831ms
352 http fetch GET 200 https://registry.npmjs.org/strip-ansi/-/strip-ansi-6.0.1.tgz 815ms (cache miss)
353 timing reifyNode:node_modules/strip-ansi Completed in 835ms
354 http fetch GET 200 https://registry.npmjs.org/kleur/-/kleur-3.0.3.tgz 820ms (cache miss)
355 timing reifyNode:node_modules/kleur Completed in 842ms
356 http fetch GET 200 https://registry.npmjs.org/through/-/through-2.3.8.tgz 822ms (cache miss)
357 timing reifyNode:node_modules/through Completed in 843ms
358 http fetch GET 200 https://registry.npmjs.org/emoji-regex/-/emoji-regex-8.0.0.tgz 823ms (cache miss)
359 timing reifyNode:node_modules/emoji-regex Completed in 845ms
360 http fetch GET 200 https://registry.npmjs.org/is-fullwidth-code-point/-/is-fullwidth-code-point-3.0.0.tgz 824ms (cache miss)
361 timing reifyNode:node_modules/is-fullwidth-code-point Completed in 845ms
362 http fetch GET 200 https://registry.npmjs.org/ansi-regex/-/ansi-regex-5.0.1.tgz 825ms (cache miss)
363 timing reifyNode:node_modules/ansi-regex Completed in 846ms
364 http fetch GET 200 https://registry.npmjs.org/url-parse-as-address/-/url-parse-as-address-1.0.0.tgz 821ms (cache miss)
365 timing reifyNode:node_modules/url-parse-as-address Completed in 845ms
366 http fetch GET 200 https://registry.npmjs.org/sisteransi/-/sisteransi-1.0.5.tgz 842ms (cache miss)
367 timing reifyNode:node_modules/sisteransi Completed in 865ms
368 http fetch GET 200 https://registry.npmjs.org/@colors/colors/-/colors-1.5.0.tgz 847ms (cache miss)
369 timing reifyNode:node_modules/@colors/colors Completed in 871ms
370 http fetch GET 200 https://registry.npmjs.org/xbytes/-/xbytes-1.9.1.tgz 850ms (cache miss)
371 timing reifyNode:node_modules/xbytes Completed in 874ms
372 http fetch POST 200 https://registry.npmjs.org/-/npm/v1/security/advisories/bulk 914ms
373 timing auditReport:getReport Completed in 918ms
374 silly audit report {}
375 timing auditReport:init Completed in 0ms
376 timing reify:audit Completed in 919ms
377 http fetch GET 200 https://registry.npmjs.org/follow-redirects/-/follow-redirects-1.15.11.tgz 1104ms (cache miss)
378 timing reifyNode:node_modules/follow-redirects Completed in 1128ms
379 http fetch GET 200 https://registry.npmjs.org/surge-ignore/-/surge-ignore-0.3.0.tgz 1101ms (cache miss)
380 timing reifyNode:node_modules/surge-ignore Completed in 1128ms
381 http fetch GET 200 https://registry.npmjs.org/surge-stream/-/surge-stream-0.10.1.tgz 1101ms (cache miss)
382 timing reifyNode:node_modules/surge-stream Completed in 1129ms
383 http fetch GET 200 https://registry.npmjs.org/read/-/read-1.0.5.tgz 1102ms (cache miss)
384 timing reifyNode:node_modules/read Completed in 1129ms
385 http fetch GET 200 https://registry.npmjs.org/progress/-/progress-2.0.3.tgz 1116ms (cache miss)
386 timing reifyNode:node_modules/progress Completed in 1144ms
387 http fetch GET 200 https://registry.npmjs.org/netrc/-/netrc-0.1.4.tgz 1117ms (cache miss)
388 timing reifyNode:node_modules/netrc Completed in 1145ms
389 http fetch GET 200 https://registry.npmjs.org/minimist/-/minimist-1.2.8.tgz 1154ms (cache miss)
390 timing reifyNode:node_modules/minimist Completed in 1183ms
391 http fetch GET 200 https://registry.npmjs.org/moniker/-/moniker-0.1.2.tgz 1154ms (cache miss)
392 timing reifyNode:node_modules/moniker Completed in 1183ms
393 http fetch GET 200 https://registry.npmjs.org/is-domain/-/is-domain-0.0.1.tgz 1154ms (cache miss)
394 timing reifyNode:node_modules/is-domain Completed in 1183ms
395 http fetch GET 200 https://registry.npmjs.org/prompts/-/prompts-2.4.2.tgz 1171ms (cache miss)
396 timing reifyNode:node_modules/prompts Completed in 1200ms
397 http fetch GET 200 https://registry.npmjs.org/surge-sdk/-/surge-sdk-0.10.1.tgz 1175ms (cache miss)
398 timing reifyNode:node_modules/surge-sdk Completed in 1205ms
399 http fetch GET 200 https://registry.npmjs.org/human-readable-numbers/-/human-readable-numbers-0.9.5.tgz 1176ms (cache miss)
400 timing reifyNode:node_modules/human-readable-numbers Completed in 1206ms
401 http fetch GET 200 https://registry.npmjs.org/ignore/-/ignore-7.0.5.tgz 1199ms (cache miss)
402 timing reifyNode:node_modules/ignore Completed in 1229ms
403 http fetch GET 200 https://registry.npmjs.org/cli-table3/-/cli-table3-0.6.5.tgz 1223ms (cache miss)
404 timing reifyNode:node_modules/cli-table3 Completed in 1253ms
405 http fetch GET 200 https://registry.npmjs.org/surge/-/surge-0.27.3.tgz 1332ms (cache miss)
406 timing reifyNode:node_modules/surge Completed in 1363ms
407 http fetch GET 200 https://registry.npmjs.org/colors/-/colors-1.4.0.tgz 1327ms (cache miss)
408 timing reifyNode:node_modules/colors Completed in 1365ms
409 http fetch GET 200 https://registry.npmjs.org/babar/-/babar-0.2.3.tgz 1346ms (cache miss)
410 timing reifyNode:node_modules/babar Completed in 1376ms
411 http fetch GET 200 https://registry.npmjs.org/axios/-/axios-1.13.5.tgz 2821ms (cache miss)
412 timing reifyNode:node_modules/axios Completed in 2853ms
413 http fetch GET 200 https://registry.npmjs.org/tar/-/tar-7.5.9.tgz 3166ms (cache miss)
414 timing reifyNode:node_modules/tar Completed in 3186ms
415 timing reify:unpack Completed in 3187ms
416 timing reify:unretire Completed in 0ms
417 timing build:queue Completed in 1ms
418 timing build:link:node_modules/surge Completed in 2ms
419 timing build:link Completed in 2ms
420 timing build:deps Completed in 3ms
421 timing build Completed in 4ms
422 timing reify:build Completed in 4ms
423 timing reify:trash Completed in 0ms
424 timing reify:save Completed in 19ms
425 timing reify Completed in 16590ms
426 timing command:exec Completed in 93061ms
427 verbose exit 1
428 timing npm Completed in 93289ms
429 verbose code 1
