0 verbose cli /usr/local/bin/node /usr/local/bin/npm
1 info using npm@10.2.4
2 info using node@v20.11.0
3 timing npm:load:whichnode Completed in 1ms
4 timing config:load:defaults Completed in 1ms
5 timing config:load:file:/usr/local/lib/node_modules/npm/npmrc Completed in 0ms
6 timing config:load:builtin Completed in 0ms
7 timing config:load:cli Completed in 1ms
8 timing config:load:env Completed in 0ms
9 timing config:load:file:/Users/khavasfayzullaevgmail.com/Documents/test-platform-deploy/.npmrc Completed in 0ms
10 timing config:load:project Completed in 0ms
11 timing config:load:file:/Users/khavasfayzullaevgmail.com/.npmrc Completed in 0ms
12 timing config:load:user Completed in 0ms
13 timing config:load:file:/usr/local/etc/npmrc Completed in 0ms
14 timing config:load:global Completed in 0ms
15 timing config:load:setEnvs Completed in 1ms
16 timing config:load Completed in 5ms
17 timing npm:load:configload Completed in 5ms
18 timing config:load:flatten Completed in 2ms
19 timing npm:load:mkdirpcache Completed in 0ms
20 timing npm:load:mkdirplogs Completed in 0ms
21 verbose title npm install @google/generative-ai
22 verbose argv "install" "@google/generative-ai"
23 timing npm:load:setTitle Completed in 10ms
24 timing npm:load:display Completed in 1ms
25 verbose logfile logs-max:10 dir:/Users/khavasfayzullaevgmail.com/Documents/test-platform-deploy/.npm-cache/_logs/2026-02-23T17_12_57_754Z-
26 verbose logfile /Users/khavasfayzullaevgmail.com/Documents/test-platform-deploy/.npm-cache/_logs/2026-02-23T17_12_57_754Z-debug-0.log
27 timing npm:load:logFile Completed in 7ms
28 timing npm:load:timers Completed in 0ms
29 timing npm:load:configScope Completed in 0ms
30 timing npm:load Completed in 36ms
31 timing arborist:ctor Completed in 1ms
32 silly logfile start cleaning logs, removing 1 files
33 silly logfile done cleaning log files
34 timing idealTree:init Completed in 91ms
35 timing idealTree:userRequests Completed in 1ms
36 silly idealTree buildDeps
37 silly fetch manifest @google/generative-ai@*
38 verbose shrinkwrap failed to load node_modules/.package-lock.json out of date, updated: node_modules
39 http fetch GET 200 https://registry.npmjs.org/@google%2fgenerative-ai 910ms (cache miss)
40 silly placeDep ROOT @google/generative-ai@0.24.1 OK for: test-platform@0.0.0 want: *
41 timing idealTree:#root Completed in 918ms
42 timing idealTree:node_modules/@google/generative-ai Completed in 0ms
43 timing idealTree:buildDeps Completed in 918ms
44 timing idealTree:fixDepFlags Completed in 3ms
45 timing idealTree Completed in 1016ms
46 timing reify:loadTrees Completed in 1017ms
47 timing reify:diffTrees Completed in 8ms
48 silly reify moves {}
49 timing reify:retireShallow Completed in 1ms
50 timing reify:createSparse Completed in 3ms
51 timing reify:loadBundles Completed in 0ms
52 silly audit bulk request {
52 silly audit   '@babel/code-frame': [ '7.29.0' ],
52 silly audit   '@babel/compat-data': [ '7.29.0' ],
52 silly audit   '@babel/core': [ '7.29.0' ],
52 silly audit   '@babel/generator': [ '7.29.1' ],
52 silly audit   '@babel/helper-compilation-targets': [ '7.28.6' ],
52 silly audit   '@babel/helper-globals': [ '7.28.0' ],
52 silly audit   '@babel/helper-module-imports': [ '7.28.6' ],
52 silly audit   '@babel/helper-module-transforms': [ '7.28.6' ],
52 silly audit   '@babel/helper-plugin-utils': [ '7.28.6' ],
52 silly audit   '@babel/helper-string-parser': [ '7.27.1' ],
52 silly audit   '@babel/helper-validator-identifier': [ '7.28.5' ],
52 silly audit   '@babel/helper-validator-option': [ '7.27.1' ],
52 silly audit   '@babel/helpers': [ '7.28.6' ],
52 silly audit   '@babel/parser': [ '7.29.0' ],
52 silly audit   '@babel/plugin-transform-react-jsx-self': [ '7.27.1' ],
52 silly audit   '@babel/plugin-transform-react-jsx-source': [ '7.27.1' ],
52 silly audit   '@babel/template': [ '7.28.6' ],
52 silly audit   '@babel/traverse': [ '7.29.0' ],
52 silly audit   '@babel/types': [ '7.29.0' ],
52 silly audit   '@esbuild/aix-ppc64': [ '0.21.5' ],
52 silly audit   '@esbuild/android-arm': [ '0.21.5' ],
52 silly audit   '@esbuild/android-arm64': [ '0.21.5' ],
52 silly audit   '@esbuild/android-x64': [ '0.21.5' ],
52 silly audit   '@esbuild/darwin-arm64': [ '0.21.5' ],
52 silly audit   '@esbuild/darwin-x64': [ '0.21.5' ],
52 silly audit   '@esbuild/freebsd-arm64': [ '0.21.5' ],
52 silly audit   '@esbuild/freebsd-x64': [ '0.21.5' ],
52 silly audit   '@esbuild/linux-arm': [ '0.21.5' ],
52 silly audit   '@esbuild/linux-arm64': [ '0.21.5' ],
52 silly audit   '@esbuild/linux-ia32': [ '0.21.5' ],
52 silly audit   '@esbuild/linux-loong64': [ '0.21.5' ],
52 silly audit   '@esbuild/linux-mips64el': [ '0.21.5' ],
52 silly audit   '@esbuild/linux-ppc64': [ '0.21.5' ],
52 silly audit   '@esbuild/linux-riscv64': [ '0.21.5' ],
52 silly audit   '@esbuild/linux-s390x': [ '0.21.5' ],
52 silly audit   '@esbuild/linux-x64': [ '0.21.5' ],
52 silly audit   '@esbuild/netbsd-x64': [ '0.21.5' ],
52 silly audit   '@esbuild/openbsd-x64': [ '0.21.5' ],
52 silly audit   '@esbuild/sunos-x64': [ '0.21.5' ],
52 silly audit   '@esbuild/win32-arm64': [ '0.21.5' ],
52 silly audit   '@esbuild/win32-ia32': [ '0.21.5' ],
52 silly audit   '@esbuild/win32-x64': [ '0.21.5' ],
52 silly audit   '@eslint-community/eslint-utils': [ '4.9.1' ],
52 silly audit   'eslint-visitor-keys': [ '3.4.3', '4.2.1' ],
52 silly audit   '@eslint-community/regexpp': [ '4.12.2' ],
52 silly audit   '@eslint/config-array': [ '0.21.1' ],
52 silly audit   '@eslint/config-helpers': [ '0.4.2' ],
52 silly audit   '@eslint/core': [ '0.17.0' ],
52 silly audit   '@eslint/eslintrc': [ '3.3.3' ],
52 silly audit   globals: [ '14.0.0', '15.15.0' ],
52 silly audit   '@eslint/js': [ '9.39.3' ],
52 silly audit   '@eslint/object-schema': [ '2.1.7' ],
52 silly audit   '@eslint/plugin-kit': [ '0.4.1' ],
52 silly audit   '@humanfs/core': [ '0.19.1' ],
52 silly audit   '@humanfs/node': [ '0.16.7' ],
52 silly audit   '@humanwhocodes/module-importer': [ '1.0.1' ],
52 silly audit   '@humanwhocodes/retry': [ '0.4.3' ],
52 silly audit   '@jridgewell/gen-mapping': [ '0.3.13' ],
52 silly audit   '@jridgewell/remapping': [ '2.3.5' ],
52 silly audit   '@jridgewell/resolve-uri': [ '3.1.2' ],
52 silly audit   '@jridgewell/sourcemap-codec': [ '1.5.5' ],
52 silly audit   '@jridgewell/trace-mapping': [ '0.3.31' ],
52 silly audit   '@rolldown/pluginutils': [ '1.0.0-beta.27' ],
52 silly audit   '@rollup/rollup-android-arm-eabi': [ '4.59.0' ],
52 silly audit   '@rollup/rollup-android-arm64': [ '4.59.0' ],
52 silly audit   '@rollup/rollup-darwin-arm64': [ '4.59.0' ],
52 silly audit   '@rollup/rollup-darwin-x64': [ '4.59.0' ],
52 silly audit   '@rollup/rollup-freebsd-arm64': [ '4.59.0' ],
52 silly audit   '@rollup/rollup-freebsd-x64': [ '4.59.0' ],
52 silly audit   '@rollup/rollup-linux-arm-gnueabihf': [ '4.59.0' ],
52 silly audit   '@rollup/rollup-linux-arm-musleabihf': [ '4.59.0' ],
52 silly audit   '@rollup/rollup-linux-arm64-gnu': [ '4.59.0' ],
52 silly audit   '@rollup/rollup-linux-arm64-musl': [ '4.59.0' ],
52 silly audit   '@rollup/rollup-linux-loong64-gnu': [ '4.59.0' ],
52 silly audit   '@rollup/rollup-linux-loong64-musl': [ '4.59.0' ],
52 silly audit   '@rollup/rollup-linux-ppc64-gnu': [ '4.59.0' ],
52 silly audit   '@rollup/rollup-linux-ppc64-musl': [ '4.59.0' ],
52 silly audit   '@rollup/rollup-linux-riscv64-gnu': [ '4.59.0' ],
52 silly audit   '@rollup/rollup-linux-riscv64-musl': [ '4.59.0' ],
52 silly audit   '@rollup/rollup-linux-s390x-gnu': [ '4.59.0' ],
52 silly audit   '@rollup/rollup-linux-x64-gnu': [ '4.59.0' ],
52 silly audit   '@rollup/rollup-linux-x64-musl': [ '4.59.0' ],
52 silly audit   '@rollup/rollup-openbsd-x64': [ '4.59.0' ],
52 silly audit   '@rollup/rollup-openharmony-arm64': [ '4.59.0' ],
52 silly audit   '@rollup/rollup-win32-arm64-msvc': [ '4.59.0' ],
52 silly audit   '@rollup/rollup-win32-ia32-msvc': [ '4.59.0' ],
52 silly audit   '@rollup/rollup-win32-x64-gnu': [ '4.59.0' ],
52 silly audit   '@rollup/rollup-win32-x64-msvc': [ '4.59.0' ],
52 silly audit   '@types/babel__core': [ '7.20.5' ],
52 silly audit   '@types/babel__generator': [ '7.27.0' ],
52 silly audit   '@types/babel__template': [ '7.4.4' ],
52 silly audit   '@types/babel__traverse': [ '7.28.0' ],
52 silly audit   '@types/estree': [ '1.0.8' ],
52 silly audit   '@types/json-schema': [ '7.0.15' ],
52 silly audit   '@types/prop-types': [ '15.7.15' ],
52 silly audit   '@types/react': [ '18.3.28' ],
52 silly audit   '@types/react-dom': [ '18.3.7' ],
52 silly audit   '@vitejs/plugin-react': [ '4.7.0' ],
52 silly audit   acorn: [ '8.16.0' ],
52 silly audit   'acorn-jsx': [ '5.3.2' ],
52 silly audit   ajv: [ '6.14.0' ],
52 silly audit   'ansi-styles': [ '4.3.0' ],
52 silly audit   argparse: [ '2.0.1' ],
52 silly audit   'array-buffer-byte-length': [ '1.0.2' ],
52 silly audit   'array-includes': [ '3.1.9' ],
52 silly audit   'array.prototype.findlast': [ '1.2.5' ],
52 silly audit   'array.prototype.flat': [ '1.3.3' ],
52 silly audit   'array.prototype.flatmap': [ '1.3.3' ],
52 silly audit   'array.prototype.tosorted': [ '1.1.4' ],
52 silly audit   'arraybuffer.prototype.slice': [ '1.0.4' ],
52 silly audit   'async-function': [ '1.0.0' ],
52 silly audit   'available-typed-arrays': [ '1.0.7' ],
52 silly audit   'balanced-match': [ '1.0.2' ],
52 silly audit   'baseline-browser-mapping': [ '2.10.0' ],
52 silly audit   'brace-expansion': [ '1.1.12' ],
52 silly audit   browserslist: [ '4.28.1' ],
52 silly audit   'call-bind': [ '1.0.8' ],
52 silly audit   'call-bind-apply-helpers': [ '1.0.2' ],
52 silly audit   'call-bound': [ '1.0.4' ],
52 silly audit   callsites: [ '3.1.0' ],
52 silly audit   'caniuse-lite': [ '1.0.30001774' ],
52 silly audit   chalk: [ '4.1.2' ],
52 silly audit   'color-convert': [ '2.0.1' ],
52 silly audit   'color-name': [ '1.1.4' ],
52 silly audit   'concat-map': [ '0.0.1' ],
52 silly audit   'convert-source-map': [ '2.0.0' ],
52 silly audit   cookie: [ '1.1.1' ],
52 silly audit   'cross-spawn': [ '7.0.6' ],
52 silly audit   csstype: [ '3.2.3' ],
52 silly audit   'data-view-buffer': [ '1.0.2' ],
52 silly audit   'data-view-byte-length': [ '1.0.2' ],
52 silly audit   'data-view-byte-offset': [ '1.0.1' ],
52 silly audit   debug: [ '4.4.3' ],
52 silly audit   'deep-is': [ '0.1.4' ],
52 silly audit   'define-data-property': [ '1.1.4' ],
52 silly audit   'define-properties': [ '1.2.1' ],
52 silly audit   doctrine: [ '2.1.0' ],
52 silly audit   'dunder-proto': [ '1.0.1' ],
52 silly audit   'electron-to-chromium': [ '1.5.302' ],
52 silly audit   'es-abstract': [ '1.24.1' ],
52 silly audit   'es-define-property': [ '1.0.1' ],
52 silly audit   'es-errors': [ '1.3.0' ],
52 silly audit   'es-iterator-helpers': [ '1.2.2' ],
52 silly audit   'es-object-atoms': [ '1.1.1' ],
52 silly audit   'es-set-tostringtag': [ '2.1.0' ],
52 silly audit   'es-shim-unscopables': [ '1.1.0' ],
52 silly audit   'es-to-primitive': [ '1.3.0' ],
52 silly audit   esbuild: [ '0.21.5' ],
52 silly audit   escalade: [ '3.2.0' ],
52 silly audit   'escape-string-regexp': [ '4.0.0' ],
52 silly audit   eslint: [ '9.39.3' ],
52 silly audit   'eslint-plugin-react': [ '7.37.5' ],
52 silly audit   'eslint-plugin-react-hooks': [ '5.2.0' ],
52 silly audit   'eslint-plugin-react-refresh': [ '0.4.26' ],
52 silly audit   'eslint-scope': [ '8.4.0' ],
52 silly audit   espree: [ '10.4.0' ],
52 silly audit   esquery: [ '1.7.0' ],
52 silly audit   esrecurse: [ '4.3.0' ],
52 silly audit   estraverse: [ '5.3.0' ],
52 silly audit   esutils: [ '2.0.3' ],
52 silly audit   'fast-deep-equal': [ '3.1.3' ],
52 silly audit   'fast-json-stable-stringify': [ '2.1.0' ],
52 silly audit   'fast-levenshtein': [ '2.0.6' ],
52 silly audit   'file-entry-cache': [ '8.0.0' ],
52 silly audit   'find-up': [ '5.0.0' ],
52 silly audit   'flat-cache': [ '4.0.1' ],
52 silly audit   flatted: [ '3.3.3' ],
52 silly audit   'for-each': [ '0.3.5' ],
52 silly audit   fsevents: [ '2.3.3' ],
52 silly audit   'function-bind': [ '1.1.2' ],
52 silly audit   'function.prototype.name': [ '1.1.8' ],
52 silly audit   'functions-have-names': [ '1.2.3' ],
52 silly audit   'generator-function': [ '2.0.1' ],
52 silly audit   gensync: [ '1.0.0-beta.2' ],
52 silly audit   'get-intrinsic': [ '1.3.0' ],
52 silly audit   'get-proto': [ '1.0.1' ],
52 silly audit   'get-symbol-description': [ '1.1.0' ],
52 silly audit   'glob-parent': [ '6.0.2' ],
52 silly audit   globalthis: [ '1.0.4' ],
52 silly audit   gopd: [ '1.2.0' ],
52 silly audit   'has-bigints': [ '1.1.0' ],
52 silly audit   'has-flag': [ '4.0.0' ],
52 silly audit   'has-property-descriptors': [ '1.0.2' ],
52 silly audit   'has-proto': [ '1.2.0' ],
52 silly audit   'has-symbols': [ '1.1.0' ],
52 silly audit   'has-tostringtag': [ '1.0.2' ],
52 silly audit   hasown: [ '2.0.2' ],
52 silly audit   ignore: [ '5.3.2' ],
52 silly audit   'import-fresh': [ '3.3.1' ],
52 silly audit   imurmurhash: [ '0.1.4' ],
52 silly audit   'internal-slot': [ '1.1.0' ],
52 silly audit   'is-array-buffer': [ '3.0.5' ],
52 silly audit   'is-async-function': [ '2.1.1' ],
52 silly audit   'is-bigint': [ '1.1.0' ],
52 silly audit   'is-boolean-object': [ '1.2.2' ],
52 silly audit   'is-callable': [ '1.2.7' ],
52 silly audit   'is-core-module': [ '2.16.1' ],
52 silly audit   'is-data-view': [ '1.0.2' ],
52 silly audit   'is-date-object': [ '1.1.0' ],
52 silly audit   'is-extglob': [ '2.1.1' ],
52 silly audit   'is-finalizationregistry': [ '1.1.1' ],
52 silly audit   'is-generator-function': [ '1.1.2' ],
52 silly audit   'is-glob': [ '4.0.3' ],
52 silly audit   'is-map': [ '2.0.3' ],
52 silly audit   'is-negative-zero': [ '2.0.3' ],
52 silly audit   'is-number-object': [ '1.1.1' ],
52 silly audit   'is-regex': [ '1.2.1' ],
52 silly audit   'is-set': [ '2.0.3' ],
52 silly audit   'is-shared-array-buffer': [ '1.0.4' ],
52 silly audit   'is-string': [ '1.1.1' ],
52 silly audit   'is-symbol': [ '1.1.1' ],
52 silly audit   'is-typed-array': [ '1.1.15' ],
52 silly audit   'is-weakmap': [ '2.0.2' ],
52 silly audit   'is-weakref': [ '1.1.1' ],
52 silly audit   'is-weakset': [ '2.0.4' ],
52 silly audit   isarray: [ '2.0.5' ],
52 silly audit   isexe: [ '2.0.0' ],
52 silly audit   'iterator.prototype': [ '1.1.5' ],
52 silly audit   'js-tokens': [ '4.0.0' ],
52 silly audit   'js-yaml': [ '4.1.1' ],
52 silly audit   jsesc: [ '3.1.0' ],
52 silly audit   'json-buffer': [ '3.0.1' ],
52 silly audit   'json-schema-traverse': [ '0.4.1' ],
52 silly audit   'json-stable-stringify-without-jsonify': [ '1.0.1' ],
52 silly audit   json5: [ '2.2.3' ],
52 silly audit   'jsx-ast-utils': [ '3.3.5' ],
52 silly audit   keyv: [ '4.5.4' ],
52 silly audit   levn: [ '0.4.1' ],
52 silly audit   'locate-path': [ '6.0.0' ],
52 silly audit   'lodash.merge': [ '4.6.2' ],
52 silly audit   'loose-envify': [ '1.4.0' ],
52 silly audit   'lru-cache': [ '5.1.1' ],
52 silly audit   'lucide-react': [ '0.575.0' ],
52 silly audit   'math-intrinsics': [ '1.1.0' ],
52 silly audit   minimatch: [ '3.1.3' ],
52 silly audit   ms: [ '2.1.3' ],
52 silly audit   nanoid: [ '3.3.11' ],
52 silly audit   'natural-compare': [ '1.4.0' ],
52 silly audit   'node-exports-info': [ '1.6.0' ],
52 silly audit   'node-releases': [ '2.0.27' ],
52 silly audit   'object-assign': [ '4.1.1' ],
52 silly audit   'object-inspect': [ '1.13.4' ],
52 silly audit   'object-keys': [ '1.1.1' ],
52 silly audit   'object.assign': [ '4.1.7' ],
52 silly audit   'object.entries': [ '1.1.9' ],
52 silly audit   'object.fromentries': [ '2.0.8' ],
52 silly audit   'object.values': [ '1.2.1' ],
52 silly audit   optionator: [ '0.9.4' ],
52 silly audit   'own-keys': [ '1.0.1' ],
52 silly audit   'p-limit': [ '3.1.0' ],
52 silly audit   'p-locate': [ '5.0.0' ],
52 silly audit   'parent-module': [ '1.0.1' ],
52 silly audit   'path-exists': [ '4.0.0' ],
52 silly audit   'path-key': [ '3.1.1' ],
52 silly audit   'path-parse': [ '1.0.7' ],
52 silly audit   picocolors: [ '1.1.1' ],
52 silly audit   'possible-typed-array-names': [ '1.1.0' ],
52 silly audit   postcss: [ '8.5.6' ],
52 silly audit   'prelude-ls': [ '1.2.1' ],
52 silly audit   'prop-types': [ '15.8.1' ],
52 silly audit   punycode: [ '2.3.1' ],
52 silly audit   react: [ '18.3.1' ],
52 silly audit   'react-dom': [ '18.3.1' ],
52 silly audit   'react-is': [ '16.13.1' ],
52 silly audit   'react-refresh': [ '0.17.0' ],
52 silly audit   'react-router': [ '7.13.0' ],
52 silly audit   'react-router-dom': [ '7.13.0' ],
52 silly audit   'reflect.getprototypeof': [ '1.0.10' ],
52 silly audit   'regexp.prototype.flags': [ '1.5.4' ],
52 silly audit   resolve: [ '2.0.0-next.6' ],
52 silly audit   'resolve-from': [ '4.0.0' ],
52 silly audit   rollup: [ '4.59.0' ],
52 silly audit   'safe-array-concat': [ '1.1.3' ],
52 silly audit   'safe-push-apply': [ '1.0.0' ],
52 silly audit   'safe-regex-test': [ '1.1.0' ],
52 silly audit   scheduler: [ '0.23.2' ],
52 silly audit   semver: [ '6.3.1' ],
52 silly audit   'set-cookie-parser': [ '2.7.2' ],
52 silly audit   'set-function-length': [ '1.2.2' ],
52 silly audit   'set-function-name': [ '2.0.2' ],
52 silly audit   'set-proto': [ '1.0.0' ],
52 silly audit   'shebang-command': [ '2.0.0' ],
52 silly audit   'shebang-regex': [ '3.0.0' ],
52 silly audit   'side-channel': [ '1.1.0' ],
52 silly audit   'side-channel-list': [ '1.0.0' ],
52 silly audit   'side-channel-map': [ '1.0.1' ],
52 silly audit   'side-channel-weakmap': [ '1.0.2' ],
52 silly audit   'source-map-js': [ '1.2.1' ],
52 silly audit   'stop-iteration-iterator': [ '1.1.0' ],
52 silly audit   'string.prototype.matchall': [ '4.0.12' ],
52 silly audit   'string.prototype.repeat': [ '1.0.0' ],
52 silly audit   'string.prototype.trim': [ '1.2.10' ],
52 silly audit   'string.prototype.trimend': [ '1.0.9' ],
52 silly audit   'string.prototype.trimstart': [ '1.0.8' ],
52 silly audit   'strip-json-comments': [ '3.1.1' ],
52 silly audit   'supports-color': [ '7.2.0' ],
52 silly audit   'supports-preserve-symlinks-flag': [ '1.0.0' ],
52 silly audit   'type-check': [ '0.4.0' ],
52 silly audit   'typed-array-buffer': [ '1.0.3' ],
52 silly audit   'typed-array-byte-length': [ '1.0.3' ],
52 silly audit   'typed-array-byte-offset': [ '1.0.4' ],
52 silly audit   'typed-array-length': [ '1.0.7' ],
52 silly audit   'unbox-primitive': [ '1.1.0' ],
52 silly audit   'update-browserslist-db': [ '1.2.3' ],
52 silly audit   'uri-js': [ '4.4.1' ],
52 silly audit   vite: [ '5.4.21' ],
52 silly audit   which: [ '2.0.2' ],
52 silly audit   'which-boxed-primitive': [ '1.1.1' ],
52 silly audit   'which-builtin-type': [ '1.2.1' ],
52 silly audit   'which-collection': [ '1.0.2' ],
52 silly audit   'which-typed-array': [ '1.1.20' ],
52 silly audit   'word-wrap': [ '1.2.5' ],
52 silly audit   yallist: [ '3.1.1' ],
52 silly audit   'yocto-queue': [ '0.1.0' ],
52 silly audit   '@google/generative-ai': [ '0.24.1' ]
52 silly audit }
53 verbose reify failed optional dependency /Users/khavasfayzullaevgmail.com/Documents/test-platform-deploy/node_modules/@rollup/rollup-win32-x64-msvc
54 silly reify mark deleted [
54 silly reify   '/Users/khavasfayzullaevgmail.com/Documents/test-platform-deploy/node_modules/@rollup/rollup-win32-x64-msvc'
54 silly reify ]
55 verbose reify failed optional dependency /Users/khavasfayzullaevgmail.com/Documents/test-platform-deploy/node_modules/@rollup/rollup-win32-x64-gnu
56 silly reify mark deleted [
56 silly reify   '/Users/khavasfayzullaevgmail.com/Documents/test-platform-deploy/node_modules/@rollup/rollup-win32-x64-gnu'
56 silly reify ]
57 verbose reify failed optional dependency /Users/khavasfayzullaevgmail.com/Documents/test-platform-deploy/node_modules/@rollup/rollup-win32-ia32-msvc
58 silly reify mark deleted [
58 silly reify   '/Users/khavasfayzullaevgmail.com/Documents/test-platform-deploy/node_modules/@rollup/rollup-win32-ia32-msvc'
58 silly reify ]
59 verbose reify failed optional dependency /Users/khavasfayzullaevgmail.com/Documents/test-platform-deploy/node_modules/@rollup/rollup-win32-arm64-msvc
60 silly reify mark deleted [
60 silly reify   '/Users/khavasfayzullaevgmail.com/Documents/test-platform-deploy/node_modules/@rollup/rollup-win32-arm64-msvc'
60 silly reify ]
61 verbose reify failed optional dependency /Users/khavasfayzullaevgmail.com/Documents/test-platform-deploy/node_modules/@rollup/rollup-openharmony-arm64
62 silly reify mark deleted [
62 silly reify   '/Users/khavasfayzullaevgmail.com/Documents/test-platform-deploy/node_modules/@rollup/rollup-openharmony-arm64'
62 silly reify ]
63 verbose reify failed optional dependency /Users/khavasfayzullaevgmail.com/Documents/test-platform-deploy/node_modules/@rollup/rollup-openbsd-x64
64 silly reify mark deleted [
64 silly reify   '/Users/khavasfayzullaevgmail.com/Documents/test-platform-deploy/node_modules/@rollup/rollup-openbsd-x64'
64 silly reify ]
65 verbose reify failed optional dependency /Users/khavasfayzullaevgmail.com/Documents/test-platform-deploy/node_modules/@rollup/rollup-linux-x64-musl
66 silly reify mark deleted [
66 silly reify   '/Users/khavasfayzullaevgmail.com/Documents/test-platform-deploy/node_modules/@rollup/rollup-linux-x64-musl'
66 silly reify ]
67 verbose reify failed optional dependency /Users/khavasfayzullaevgmail.com/Documents/test-platform-deploy/node_modules/@rollup/rollup-linux-x64-gnu
68 silly reify mark deleted [
68 silly reify   '/Users/khavasfayzullaevgmail.com/Documents/test-platform-deploy/node_modules/@rollup/rollup-linux-x64-gnu'
68 silly reify ]
69 verbose reify failed optional dependency /Users/khavasfayzullaevgmail.com/Documents/test-platform-deploy/node_modules/@rollup/rollup-linux-s390x-gnu
70 silly reify mark deleted [
70 silly reify   '/Users/khavasfayzullaevgmail.com/Documents/test-platform-deploy/node_modules/@rollup/rollup-linux-s390x-gnu'
70 silly reify ]
71 verbose reify failed optional dependency /Users/khavasfayzullaevgmail.com/Documents/test-platform-deploy/node_modules/@rollup/rollup-linux-riscv64-musl
72 silly reify mark deleted [
72 silly reify   '/Users/khavasfayzullaevgmail.com/Documents/test-platform-deploy/node_modules/@rollup/rollup-linux-riscv64-musl'
72 silly reify ]
73 verbose reify failed optional dependency /Users/khavasfayzullaevgmail.com/Documents/test-platform-deploy/node_modules/@rollup/rollup-linux-riscv64-gnu
74 silly reify mark deleted [
74 silly reify   '/Users/khavasfayzullaevgmail.com/Documents/test-platform-deploy/node_modules/@rollup/rollup-linux-riscv64-gnu'
74 silly reify ]
75 verbose reify failed optional dependency /Users/khavasfayzullaevgmail.com/Documents/test-platform-deploy/node_modules/@rollup/rollup-linux-ppc64-musl
76 silly reify mark deleted [
76 silly reify   '/Users/khavasfayzullaevgmail.com/Documents/test-platform-deploy/node_modules/@rollup/rollup-linux-ppc64-musl'
76 silly reify ]
77 verbose reify failed optional dependency /Users/khavasfayzullaevgmail.com/Documents/test-platform-deploy/node_modules/@rollup/rollup-linux-ppc64-gnu
78 silly reify mark deleted [
78 silly reify   '/Users/khavasfayzullaevgmail.com/Documents/test-platform-deploy/node_modules/@rollup/rollup-linux-ppc64-gnu'
78 silly reify ]
79 verbose reify failed optional dependency /Users/khavasfayzullaevgmail.com/Documents/test-platform-deploy/node_modules/@rollup/rollup-linux-loong64-musl
80 silly reify mark deleted [
80 silly reify   '/Users/khavasfayzullaevgmail.com/Documents/test-platform-deploy/node_modules/@rollup/rollup-linux-loong64-musl'
80 silly reify ]
81 verbose reify failed optional dependency /Users/khavasfayzullaevgmail.com/Documents/test-platform-deploy/node_modules/@rollup/rollup-linux-loong64-gnu
82 silly reify mark deleted [
82 silly reify   '/Users/khavasfayzullaevgmail.com/Documents/test-platform-deploy/node_modules/@rollup/rollup-linux-loong64-gnu'
82 silly reify ]
83 verbose reify failed optional dependency /Users/khavasfayzullaevgmail.com/Documents/test-platform-deploy/node_modules/@rollup/rollup-linux-arm64-musl
84 silly reify mark deleted [
84 silly reify   '/Users/khavasfayzullaevgmail.com/Documents/test-platform-deploy/node_modules/@rollup/rollup-linux-arm64-musl'
84 silly reify ]
85 verbose reify failed optional dependency /Users/khavasfayzullaevgmail.com/Documents/test-platform-deploy/node_modules/@rollup/rollup-linux-arm64-gnu
86 silly reify mark deleted [
86 silly reify   '/Users/khavasfayzullaevgmail.com/Documents/test-platform-deploy/node_modules/@rollup/rollup-linux-arm64-gnu'
86 silly reify ]
87 verbose reify failed optional dependency /Users/khavasfayzullaevgmail.com/Documents/test-platform-deploy/node_modules/@rollup/rollup-linux-arm-musleabihf
88 silly reify mark deleted [
88 silly reify   '/Users/khavasfayzullaevgmail.com/Documents/test-platform-deploy/node_modules/@rollup/rollup-linux-arm-musleabihf'
88 silly reify ]
89 verbose reify failed optional dependency /Users/khavasfayzullaevgmail.com/Documents/test-platform-deploy/node_modules/@rollup/rollup-linux-arm-gnueabihf
90 silly reify mark deleted [
90 silly reify   '/Users/khavasfayzullaevgmail.com/Documents/test-platform-deploy/node_modules/@rollup/rollup-linux-arm-gnueabihf'
90 silly reify ]
91 verbose reify failed optional dependency /Users/khavasfayzullaevgmail.com/Documents/test-platform-deploy/node_modules/@rollup/rollup-freebsd-x64
92 silly reify mark deleted [
92 silly reify   '/Users/khavasfayzullaevgmail.com/Documents/test-platform-deploy/node_modules/@rollup/rollup-freebsd-x64'
92 silly reify ]
93 verbose reify failed optional dependency /Users/khavasfayzullaevgmail.com/Documents/test-platform-deploy/node_modules/@rollup/rollup-freebsd-arm64
94 silly reify mark deleted [
94 silly reify   '/Users/khavasfayzullaevgmail.com/Documents/test-platform-deploy/node_modules/@rollup/rollup-freebsd-arm64'
94 silly reify ]
95 verbose reify failed optional dependency /Users/khavasfayzullaevgmail.com/Documents/test-platform-deploy/node_modules/@rollup/rollup-darwin-x64
96 silly reify mark deleted [
96 silly reify   '/Users/khavasfayzullaevgmail.com/Documents/test-platform-deploy/node_modules/@rollup/rollup-darwin-x64'
96 silly reify ]
97 verbose reify failed optional dependency /Users/khavasfayzullaevgmail.com/Documents/test-platform-deploy/node_modules/@rollup/rollup-android-arm64
98 silly reify mark deleted [
98 silly reify   '/Users/khavasfayzullaevgmail.com/Documents/test-platform-deploy/node_modules/@rollup/rollup-android-arm64'
98 silly reify ]
99 verbose reify failed optional dependency /Users/khavasfayzullaevgmail.com/Documents/test-platform-deploy/node_modules/@rollup/rollup-android-arm-eabi
100 silly reify mark deleted [
100 silly reify   '/Users/khavasfayzullaevgmail.com/Documents/test-platform-deploy/node_modules/@rollup/rollup-android-arm-eabi'
100 silly reify ]
101 verbose reify failed optional dependency /Users/khavasfayzullaevgmail.com/Documents/test-platform-deploy/node_modules/@esbuild/win32-x64
102 silly reify mark deleted [
102 silly reify   '/Users/khavasfayzullaevgmail.com/Documents/test-platform-deploy/node_modules/@esbuild/win32-x64'
102 silly reify ]
103 verbose reify failed optional dependency /Users/khavasfayzullaevgmail.com/Documents/test-platform-deploy/node_modules/@esbuild/win32-ia32
104 silly reify mark deleted [
104 silly reify   '/Users/khavasfayzullaevgmail.com/Documents/test-platform-deploy/node_modules/@esbuild/win32-ia32'
104 silly reify ]
105 verbose reify failed optional dependency /Users/khavasfayzullaevgmail.com/Documents/test-platform-deploy/node_modules/@esbuild/win32-arm64
106 silly reify mark deleted [
106 silly reify   '/Users/khavasfayzullaevgmail.com/Documents/test-platform-deploy/node_modules/@esbuild/win32-arm64'
106 silly reify ]
107 verbose reify failed optional dependency /Users/khavasfayzullaevgmail.com/Documents/test-platform-deploy/node_modules/@esbuild/sunos-x64
108 silly reify mark deleted [
108 silly reify   '/Users/khavasfayzullaevgmail.com/Documents/test-platform-deploy/node_modules/@esbuild/sunos-x64'
108 silly reify ]
109 verbose reify failed optional dependency /Users/khavasfayzullaevgmail.com/Documents/test-platform-deploy/node_modules/@esbuild/openbsd-x64
110 silly reify mark deleted [
110 silly reify   '/Users/khavasfayzullaevgmail.com/Documents/test-platform-deploy/node_modules/@esbuild/openbsd-x64'
110 silly reify ]
111 verbose reify failed optional dependency /Users/khavasfayzullaevgmail.com/Documents/test-platform-deploy/node_modules/@esbuild/netbsd-x64
112 silly reify mark deleted [
112 silly reify   '/Users/khavasfayzullaevgmail.com/Documents/test-platform-deploy/node_modules/@esbuild/netbsd-x64'
112 silly reify ]
113 verbose reify failed optional dependency /Users/khavasfayzullaevgmail.com/Documents/test-platform-deploy/node_modules/@esbuild/linux-x64
114 silly reify mark deleted [
114 silly reify   '/Users/khavasfayzullaevgmail.com/Documents/test-platform-deploy/node_modules/@esbuild/linux-x64'
114 silly reify ]
115 verbose reify failed optional dependency /Users/khavasfayzullaevgmail.com/Documents/test-platform-deploy/node_modules/@esbuild/linux-s390x
116 silly reify mark deleted [
116 silly reify   '/Users/khavasfayzullaevgmail.com/Documents/test-platform-deploy/node_modules/@esbuild/linux-s390x'
116 silly reify ]
117 verbose reify failed optional dependency /Users/khavasfayzullaevgmail.com/Documents/test-platform-deploy/node_modules/@esbuild/linux-riscv64
118 silly reify mark deleted [
118 silly reify   '/Users/khavasfayzullaevgmail.com/Documents/test-platform-deploy/node_modules/@esbuild/linux-riscv64'
118 silly reify ]
119 verbose reify failed optional dependency /Users/khavasfayzullaevgmail.com/Documents/test-platform-deploy/node_modules/@esbuild/linux-ppc64
120 silly reify mark deleted [
120 silly reify   '/Users/khavasfayzullaevgmail.com/Documents/test-platform-deploy/node_modules/@esbuild/linux-ppc64'
120 silly reify ]
121 verbose reify failed optional dependency /Users/khavasfayzullaevgmail.com/Documents/test-platform-deploy/node_modules/@esbuild/linux-mips64el
122 silly reify mark deleted [
122 silly reify   '/Users/khavasfayzullaevgmail.com/Documents/test-platform-deploy/node_modules/@esbuild/linux-mips64el'
122 silly reify ]
123 verbose reify failed optional dependency /Users/khavasfayzullaevgmail.com/Documents/test-platform-deploy/node_modules/@esbuild/linux-loong64
124 silly reify mark deleted [
124 silly reify   '/Users/khavasfayzullaevgmail.com/Documents/test-platform-deploy/node_modules/@esbuild/linux-loong64'
124 silly reify ]
125 verbose reify failed optional dependency /Users/khavasfayzullaevgmail.com/Documents/test-platform-deploy/node_modules/@esbuild/linux-ia32
126 silly reify mark deleted [
126 silly reify   '/Users/khavasfayzullaevgmail.com/Documents/test-platform-deploy/node_modules/@esbuild/linux-ia32'
126 silly reify ]
127 verbose reify failed optional dependency /Users/khavasfayzullaevgmail.com/Documents/test-platform-deploy/node_modules/@esbuild/linux-arm64
128 silly reify mark deleted [
128 silly reify   '/Users/khavasfayzullaevgmail.com/Documents/test-platform-deploy/node_modules/@esbuild/linux-arm64'
128 silly reify ]
129 verbose reify failed optional dependency /Users/khavasfayzullaevgmail.com/Documents/test-platform-deploy/node_modules/@esbuild/linux-arm
130 silly reify mark deleted [
130 silly reify   '/Users/khavasfayzullaevgmail.com/Documents/test-platform-deploy/node_modules/@esbuild/linux-arm'
130 silly reify ]
131 verbose reify failed optional dependency /Users/khavasfayzullaevgmail.com/Documents/test-platform-deploy/node_modules/@esbuild/freebsd-x64
132 silly reify mark deleted [
132 silly reify   '/Users/khavasfayzullaevgmail.com/Documents/test-platform-deploy/node_modules/@esbuild/freebsd-x64'
132 silly reify ]
133 verbose reify failed optional dependency /Users/khavasfayzullaevgmail.com/Documents/test-platform-deploy/node_modules/@esbuild/freebsd-arm64
134 silly reify mark deleted [
134 silly reify   '/Users/khavasfayzullaevgmail.com/Documents/test-platform-deploy/node_modules/@esbuild/freebsd-arm64'
134 silly reify ]
135 verbose reify failed optional dependency /Users/khavasfayzullaevgmail.com/Documents/test-platform-deploy/node_modules/@esbuild/darwin-x64
136 silly reify mark deleted [
136 silly reify   '/Users/khavasfayzullaevgmail.com/Documents/test-platform-deploy/node_modules/@esbuild/darwin-x64'
136 silly reify ]
137 verbose reify failed optional dependency /Users/khavasfayzullaevgmail.com/Documents/test-platform-deploy/node_modules/@esbuild/android-x64
138 silly reify mark deleted [
138 silly reify   '/Users/khavasfayzullaevgmail.com/Documents/test-platform-deploy/node_modules/@esbuild/android-x64'
138 silly reify ]
139 verbose reify failed optional dependency /Users/khavasfayzullaevgmail.com/Documents/test-platform-deploy/node_modules/@esbuild/android-arm64
140 silly reify mark deleted [
140 silly reify   '/Users/khavasfayzullaevgmail.com/Documents/test-platform-deploy/node_modules/@esbuild/android-arm64'
140 silly reify ]
141 verbose reify failed optional dependency /Users/khavasfayzullaevgmail.com/Documents/test-platform-deploy/node_modules/@esbuild/android-arm
142 silly reify mark deleted [
142 silly reify   '/Users/khavasfayzullaevgmail.com/Documents/test-platform-deploy/node_modules/@esbuild/android-arm'
142 silly reify ]
143 verbose reify failed optional dependency /Users/khavasfayzullaevgmail.com/Documents/test-platform-deploy/node_modules/@esbuild/aix-ppc64
144 silly reify mark deleted [
144 silly reify   '/Users/khavasfayzullaevgmail.com/Documents/test-platform-deploy/node_modules/@esbuild/aix-ppc64'
144 silly reify ]
145 timing reifyNode:node_modules/@rollup/rollup-win32-x64-msvc Completed in 8ms
146 timing reifyNode:node_modules/@rollup/rollup-win32-x64-gnu Completed in 8ms
147 timing reifyNode:node_modules/@rollup/rollup-win32-ia32-msvc Completed in 8ms
148 timing reifyNode:node_modules/@rollup/rollup-win32-arm64-msvc Completed in 8ms
149 timing reifyNode:node_modules/@rollup/rollup-openharmony-arm64 Completed in 7ms
150 timing reifyNode:node_modules/@rollup/rollup-openbsd-x64 Completed in 7ms
151 timing reifyNode:node_modules/@rollup/rollup-linux-x64-musl Completed in 7ms
152 timing reifyNode:node_modules/@rollup/rollup-linux-x64-gnu Completed in 7ms
153 timing reifyNode:node_modules/@rollup/rollup-linux-s390x-gnu Completed in 8ms
154 timing reifyNode:node_modules/@rollup/rollup-linux-riscv64-musl Completed in 8ms
155 timing reifyNode:node_modules/@rollup/rollup-linux-riscv64-gnu Completed in 8ms
156 timing reifyNode:node_modules/@rollup/rollup-linux-ppc64-musl Completed in 8ms
157 timing reifyNode:node_modules/@rollup/rollup-linux-ppc64-gnu Completed in 8ms
158 timing reifyNode:node_modules/@rollup/rollup-linux-loong64-musl Completed in 8ms
159 timing reifyNode:node_modules/@rollup/rollup-linux-loong64-gnu Completed in 8ms
160 timing reifyNode:node_modules/@rollup/rollup-linux-arm64-musl Completed in 8ms
161 timing reifyNode:node_modules/@rollup/rollup-linux-arm64-gnu Completed in 8ms
162 timing reifyNode:node_modules/@rollup/rollup-linux-arm-musleabihf Completed in 8ms
163 timing reifyNode:node_modules/@rollup/rollup-linux-arm-gnueabihf Completed in 8ms
164 timing reifyNode:node_modules/@rollup/rollup-freebsd-x64 Completed in 8ms
165 timing reifyNode:node_modules/@rollup/rollup-freebsd-arm64 Completed in 7ms
166 timing reifyNode:node_modules/@rollup/rollup-darwin-x64 Completed in 7ms
167 timing reifyNode:node_modules/@rollup/rollup-android-arm64 Completed in 7ms
168 timing reifyNode:node_modules/@rollup/rollup-android-arm-eabi Completed in 7ms
169 timing reifyNode:node_modules/@esbuild/win32-x64 Completed in 7ms
170 timing reifyNode:node_modules/@esbuild/win32-ia32 Completed in 7ms
171 timing reifyNode:node_modules/@esbuild/win32-arm64 Completed in 7ms
172 timing reifyNode:node_modules/@esbuild/sunos-x64 Completed in 7ms
173 timing reifyNode:node_modules/@esbuild/openbsd-x64 Completed in 7ms
174 timing reifyNode:node_modules/@esbuild/netbsd-x64 Completed in 7ms
175 timing reifyNode:node_modules/@esbuild/linux-x64 Completed in 7ms
176 timing reifyNode:node_modules/@esbuild/linux-s390x Completed in 7ms
177 timing reifyNode:node_modules/@esbuild/linux-riscv64 Completed in 7ms
178 timing reifyNode:node_modules/@esbuild/linux-ppc64 Completed in 7ms
179 timing reifyNode:node_modules/@esbuild/linux-mips64el Completed in 7ms
180 timing reifyNode:node_modules/@esbuild/linux-loong64 Completed in 7ms
181 timing reifyNode:node_modules/@esbuild/linux-ia32 Completed in 7ms
182 timing reifyNode:node_modules/@esbuild/linux-arm64 Completed in 7ms
183 timing reifyNode:node_modules/@esbuild/linux-arm Completed in 7ms
184 timing reifyNode:node_modules/@esbuild/freebsd-x64 Completed in 7ms
185 timing reifyNode:node_modules/@esbuild/freebsd-arm64 Completed in 7ms
186 timing reifyNode:node_modules/@esbuild/darwin-x64 Completed in 6ms
187 timing reifyNode:node_modules/@esbuild/android-x64 Completed in 6ms
188 timing reifyNode:node_modules/@esbuild/android-arm64 Completed in 6ms
189 timing reifyNode:node_modules/@esbuild/android-arm Completed in 7ms
190 timing reifyNode:node_modules/@esbuild/aix-ppc64 Completed in 7ms
191 silly tarball no local data for @google/generative-ai@https://registry.npmjs.org/@google/generative-ai/-/generative-ai-0.24.1.tgz. Extracting by manifest.
192 http fetch POST 200 https://registry.npmjs.org/-/npm/v1/security/advisories/bulk 351ms
193 timing auditReport:getReport Completed in 355ms
194 silly audit report {
194 silly audit report   esbuild: [
194 silly audit report     {
194 silly audit report       id: 1102341,
194 silly audit report       url: 'https://github.com/advisories/GHSA-67mh-4wv8-2f99',
194 silly audit report       title: 'esbuild enables any website to send any requests to the development server and read the response',
194 silly audit report       severity: 'moderate',
194 silly audit report       vulnerable_versions: '<=0.24.2',
194 silly audit report       cwe: [Array],
194 silly audit report       cvss: [Object]
194 silly audit report     }
194 silly audit report   ],
194 silly audit report   minimatch: [
194 silly audit report     {
194 silly audit report       id: 1113371,
194 silly audit report       url: 'https://github.com/advisories/GHSA-3ppc-4f35-3m26',
194 silly audit report       title: 'minimatch has a ReDoS via repeated wildcards with non-matching literal in pattern',
194 silly audit report       severity: 'high',
194 silly audit report       vulnerable_versions: '<10.2.1',
194 silly audit report       cwe: [Array],
194 silly audit report       cvss: [Object]
194 silly audit report     }
194 silly audit report   ]
194 silly audit report }
195 timing metavuln:cache:get:security-advisory:minimatch:+xeb921dX+Wp/3JcZLhEpJ2KwaidnzitZ8+8zCivEStbXZEk+LqQ4FhxuC+2LDCM9aYDjPbfPcm9CDH7LF9rAQ== Completed in 3ms
196 timing metavuln:cache:get:security-advisory:esbuild:jKdCIzePj7J1488qgRXvF8Srh9wutSuR1exB8YooNX62hT+qhtrUXYbArLNoIhgwbaCqKpmduh18syZU7BR9SA== Completed in 5ms
197 http fetch GET 200 https://registry.npmjs.org/minimatch 240ms (cache revalidated)
198 timing metavuln:packument:minimatch Completed in 242ms
199 timing metavuln:load:security-advisory:minimatch:1113371 Completed in 2ms
200 timing metavuln:calculate:security-advisory:minimatch:1113371 Completed in 244ms
201 http fetch GET 200 https://registry.npmjs.org/@google/generative-ai/-/generative-ai-0.24.1.tgz 1047ms (cache miss)
202 timing reifyNode:node_modules/@google/generative-ai Completed in 1059ms
203 timing reify:unpack Completed in 1059ms
204 timing reify:unretire Completed in 0ms
205 timing build:queue Completed in 1ms
206 timing build:deps Completed in 1ms
207 timing build Completed in 1ms
208 timing reify:build Completed in 2ms
209 timing reify:trash Completed in 3ms
210 timing reify:save Completed in 78ms
211 http fetch GET 200 https://registry.npmjs.org/esbuild 958ms (cache revalidated)
212 timing metavuln:packument:esbuild Completed in 963ms
213 timing metavuln:load:security-advisory:esbuild:1102341 Completed in 2ms
214 timing metavuln:calculate:security-advisory:esbuild:1102341 Completed in 965ms
215 timing metavuln:cache:get:security-advisory:vite:tMBsdAS7JBTyRORp0YaJR984WAAsOxgmReSLBN0Nd41GhzEakjROICqAJ31iOdYG5Ijo/MlJ01p3ig1iN88+Tw== Completed in 2ms
216 http fetch GET 200 https://registry.npmjs.org/vite 175ms (cache revalidated)
217 timing metavuln:packument:vite Completed in 189ms
218 timing metavuln:load:security-advisory:vite:jKdCIzePj7J1488qgRXvF8Srh9wutSuR1exB8YooNX62hT+qhtrUXYbArLNoIhgwbaCqKpmduh18syZU7BR9SA== Completed in 6ms
219 timing metavuln:calculate:security-advisory:vite:jKdCIzePj7J1488qgRXvF8Srh9wutSuR1exB8YooNX62hT+qhtrUXYbArLNoIhgwbaCqKpmduh18syZU7BR9SA== Completed in 196ms
220 timing metavuln:cache:get:security-advisory:@eslint/config-array:9xI92VMXjpph2CksCmA2NCRmxhd0lxrGrDCiD4EATTpL625hkmb6HekujFrre+kiCNu250Ea1UjmHQxdLeqcVw== Completed in 5ms
221 timing metavuln:cache:get:security-advisory:eslint-plugin-react:b/n5bu0PTKdiXRA1ELzApZXGVsxGvJUrgjLX0Uq308OfTXJEPeKpCerwST/XjXHM5DSS+Nkg3LRLFCMkdHw2YA== Completed in 3ms
222 timing metavuln:cache:get:security-advisory:@eslint/eslintrc:OTjEIpfUNwbL0JjkIn2BW/ee6Gea4nXRtHnQUYi0/1W/6wPz3LXa3vkw2ZVFSYN0iX9PazgYhcNbmZzgbY2ytQ== Completed in 4ms
223 timing metavuln:cache:get:security-advisory:eslint:m3dNRt106MRLwwfVfkKZw2HNBlDSx9oP+ZDGWUnfff0YRatzgD3mAah3NPWhfMGutYvKZR6vW/UXkKnJOshLXg== Completed in 5ms
224 http fetch GET 200 https://registry.npmjs.org/eslint-plugin-react 203ms (cache revalidated)
225 timing metavuln:packument:eslint-plugin-react Completed in 205ms
226 timing metavuln:load:security-advisory:eslint-plugin-react:+xeb921dX+Wp/3JcZLhEpJ2KwaidnzitZ8+8zCivEStbXZEk+LqQ4FhxuC+2LDCM9aYDjPbfPcm9CDH7LF9rAQ== Completed in 0ms
227 timing metavuln:calculate:security-advisory:eslint-plugin-react:+xeb921dX+Wp/3JcZLhEpJ2KwaidnzitZ8+8zCivEStbXZEk+LqQ4FhxuC+2LDCM9aYDjPbfPcm9CDH7LF9rAQ== Completed in 205ms
228 http fetch GET 200 https://registry.npmjs.org/@eslint%2fconfig-array 216ms (cache revalidated)
229 timing metavuln:packument:@eslint/config-array Completed in 216ms
230 timing metavuln:load:security-advisory:@eslint/config-array:+xeb921dX+Wp/3JcZLhEpJ2KwaidnzitZ8+8zCivEStbXZEk+LqQ4FhxuC+2LDCM9aYDjPbfPcm9CDH7LF9rAQ== Completed in 0ms
231 timing metavuln:calculate:security-advisory:@eslint/config-array:+xeb921dX+Wp/3JcZLhEpJ2KwaidnzitZ8+8zCivEStbXZEk+LqQ4FhxuC+2LDCM9aYDjPbfPcm9CDH7LF9rAQ== Completed in 217ms
232 http fetch GET 200 https://registry.npmjs.org/@eslint%2feslintrc 220ms (cache revalidated)
233 timing metavuln:packument:@eslint/eslintrc Completed in 220ms
234 timing metavuln:load:security-advisory:@eslint/eslintrc:+xeb921dX+Wp/3JcZLhEpJ2KwaidnzitZ8+8zCivEStbXZEk+LqQ4FhxuC+2LDCM9aYDjPbfPcm9CDH7LF9rAQ== Completed in 1ms
235 timing metavuln:calculate:security-advisory:@eslint/eslintrc:+xeb921dX+Wp/3JcZLhEpJ2KwaidnzitZ8+8zCivEStbXZEk+LqQ4FhxuC+2LDCM9aYDjPbfPcm9CDH7LF9rAQ== Completed in 221ms
236 http fetch GET 200 https://registry.npmjs.org/eslint 995ms (cache revalidated)
237 timing metavuln:packument:eslint Completed in 1010ms
238 timing metavuln:load:security-advisory:eslint:+xeb921dX+Wp/3JcZLhEpJ2KwaidnzitZ8+8zCivEStbXZEk+LqQ4FhxuC+2LDCM9aYDjPbfPcm9CDH7LF9rAQ== Completed in 1ms
239 timing metavuln:calculate:security-advisory:eslint:+xeb921dX+Wp/3JcZLhEpJ2KwaidnzitZ8+8zCivEStbXZEk+LqQ4FhxuC+2LDCM9aYDjPbfPcm9CDH7LF9rAQ== Completed in 1011ms
240 timing metavuln:cache:get:security-advisory:@vitejs/plugin-react:P4XDBxCt1M9jhU3wPSnbYo14hU9TEKKi3dRjV6pE6SGkUMgEqrUpLUvU/o4utnW6O2m8Mrkk3y+AtxEbBn/p0A== Completed in 22ms
241 http fetch GET 200 https://registry.npmjs.org/@vitejs%2fplugin-react 214ms (cache revalidated)
242 timing metavuln:packument:@vitejs/plugin-react Completed in 216ms
243 timing metavuln:load:security-advisory:@vitejs/plugin-react:tMBsdAS7JBTyRORp0YaJR984WAAsOxgmReSLBN0Nd41GhzEakjROICqAJ31iOdYG5Ijo/MlJ01p3ig1iN88+Tw== Completed in 1ms
244 timing metavuln:calculate:security-advisory:@vitejs/plugin-react:tMBsdAS7JBTyRORp0YaJR984WAAsOxgmReSLBN0Nd41GhzEakjROICqAJ31iOdYG5Ijo/MlJ01p3ig1iN88+Tw== Completed in 217ms
245 timing metavuln:cache:get:security-advisory:eslint:jusElKC8TcJVkceUgXeUEXNESipPSxPYiZoI+kfbSxLfZdXFqUd+nw/DSz8+OqIssU3MiPebLXk8F2UdHM/r+g== Completed in 2ms
246 timing metavuln:load:security-advisory:eslint:9xI92VMXjpph2CksCmA2NCRmxhd0lxrGrDCiD4EATTpL625hkmb6HekujFrre+kiCNu250Ea1UjmHQxdLeqcVw== Completed in 1ms
247 timing metavuln:calculate:security-advisory:eslint:9xI92VMXjpph2CksCmA2NCRmxhd0lxrGrDCiD4EATTpL625hkmb6HekujFrre+kiCNu250Ea1UjmHQxdLeqcVw== Completed in 5ms
248 timing metavuln:cache:get:security-advisory:eslint:PwhewAwzLWqSqSdBgx3WfCI+1mOCoBs0q9DS+m8vW/M9tMqg2CoIMFoSPcFPkCy81NqRKKJBcE8zkkx+2CJzOQ== Completed in 2ms
249 timing metavuln:load:security-advisory:eslint:OTjEIpfUNwbL0JjkIn2BW/ee6Gea4nXRtHnQUYi0/1W/6wPz3LXa3vkw2ZVFSYN0iX9PazgYhcNbmZzgbY2ytQ== Completed in 2ms
250 timing metavuln:calculate:security-advisory:eslint:OTjEIpfUNwbL0JjkIn2BW/ee6Gea4nXRtHnQUYi0/1W/6wPz3LXa3vkw2ZVFSYN0iX9PazgYhcNbmZzgbY2ytQ== Completed in 4ms
251 timing metavuln:cache:get:security-advisory:eslint-plugin-react:BWl/TpXaIroB3+cfFVHs9I7+0FN8LxoLMK8KrBQXht91+P2rCJjB1px/dMdevVxklG/8FiIk5bQ+zQ+gDk6nMQ== Completed in 14ms
252 timing metavuln:load:security-advisory:eslint-plugin-react:m3dNRt106MRLwwfVfkKZw2HNBlDSx9oP+ZDGWUnfff0YRatzgD3mAah3NPWhfMGutYvKZR6vW/UXkKnJOshLXg== Completed in 0ms
253 timing metavuln:calculate:security-advisory:eslint-plugin-react:m3dNRt106MRLwwfVfkKZw2HNBlDSx9oP+ZDGWUnfff0YRatzgD3mAah3NPWhfMGutYvKZR6vW/UXkKnJOshLXg== Completed in 15ms
254 timing metavuln:cache:get:security-advisory:@eslint-community/eslint-utils:sLR86wi0AQsXrUhua2PLLEugn5+cRFIvWe3R9z/LIdUDKC5W6IfrSa9SgDy2B+xtQ27ir1FsFvRGbbvcgI3eyQ== Completed in 17ms
255 timing metavuln:cache:get:security-advisory:eslint-plugin-react-hooks:tbJxAsZQlWLgyaNcl7qbIAKO3jDXDTRxStl8JJGCHaXTaxdPhl3OjMuPHFBze/uLAEg0UM03fsAL980Oof/P4Q== Completed in 17ms
256 timing metavuln:cache:get:security-advisory:eslint-plugin-react-refresh:m+JKMfjkQ2taVGufO+BKr0IqEMdv3nilqF2l8M5umCdyD1PQrOI+nj2t5SEQZ9c9xTsMTnVYZ5+SPFugihg0zQ== Completed in 16ms
257 http fetch GET 200 https://registry.npmjs.org/eslint-plugin-react-refresh 193ms (cache revalidated)
258 timing metavuln:packument:eslint-plugin-react-refresh Completed in 194ms
259 timing metavuln:load:security-advisory:eslint-plugin-react-refresh:m3dNRt106MRLwwfVfkKZw2HNBlDSx9oP+ZDGWUnfff0YRatzgD3mAah3NPWhfMGutYvKZR6vW/UXkKnJOshLXg== Completed in 1ms
260 timing metavuln:calculate:security-advisory:eslint-plugin-react-refresh:m3dNRt106MRLwwfVfkKZw2HNBlDSx9oP+ZDGWUnfff0YRatzgD3mAah3NPWhfMGutYvKZR6vW/UXkKnJOshLXg== Completed in 196ms
261 http fetch GET 200 https://registry.npmjs.org/eslint-plugin-react-hooks 206ms (cache revalidated)
262 timing metavuln:packument:eslint-plugin-react-hooks Completed in 227ms
263 timing metavuln:load:security-advisory:eslint-plugin-react-hooks:m3dNRt106MRLwwfVfkKZw2HNBlDSx9oP+ZDGWUnfff0YRatzgD3mAah3NPWhfMGutYvKZR6vW/UXkKnJOshLXg== Completed in 18ms
264 timing metavuln:calculate:security-advisory:eslint-plugin-react-hooks:m3dNRt106MRLwwfVfkKZw2HNBlDSx9oP+ZDGWUnfff0YRatzgD3mAah3NPWhfMGutYvKZR6vW/UXkKnJOshLXg== Completed in 245ms
265 http fetch GET 200 https://registry.npmjs.org/@eslint-community%2feslint-utils 250ms (cache revalidated)
266 timing metavuln:packument:@eslint-community/eslint-utils Completed in 251ms
267 timing metavuln:load:security-advisory:@eslint-community/eslint-utils:m3dNRt106MRLwwfVfkKZw2HNBlDSx9oP+ZDGWUnfff0YRatzgD3mAah3NPWhfMGutYvKZR6vW/UXkKnJOshLXg== Completed in 0ms
268 timing metavuln:calculate:security-advisory:@eslint-community/eslint-utils:m3dNRt106MRLwwfVfkKZw2HNBlDSx9oP+ZDGWUnfff0YRatzgD3mAah3NPWhfMGutYvKZR6vW/UXkKnJOshLXg== Completed in 251ms
269 timing auditReport:init Completed in 2677ms
270 timing reify:audit Completed in 3033ms
271 timing reify Completed in 4071ms
272 silly ADD node_modules/@google/generative-ai
273 silly ADD
274 silly ADD
275 silly ADD
276 silly ADD
277 silly ADD
278 silly ADD
279 silly ADD
280 silly ADD
281 silly ADD
282 silly ADD
283 silly ADD
284 silly ADD
285 silly ADD
286 silly ADD
287 silly ADD
288 silly ADD
289 silly ADD
290 silly ADD
291 silly ADD
292 silly ADD
293 silly ADD
294 silly ADD
295 silly ADD
296 silly ADD
297 silly ADD
298 silly ADD
299 silly ADD
300 silly ADD
301 silly ADD
302 silly ADD
303 silly ADD
304 silly ADD
305 silly ADD
306 silly ADD
307 silly ADD
308 silly ADD
309 silly ADD
310 silly ADD
311 silly ADD
312 silly ADD
313 silly ADD
314 silly ADD
315 silly ADD
316 silly ADD
317 silly ADD
318 silly ADD
319 timing command:install Completed in 4090ms
320 verbose exit 0
321 timing npm Completed in 4287ms
322 info ok
